Component: ARM Compiler 5.05 update 1 (build 106) Tool: armlink [4d0efa]

==============================================================================

Section Cross References

    startup_stm32l051xx.o(RESET) refers to startup_stm32l051xx.o(STACK) for __initial_sp
    startup_stm32l051xx.o(RESET) refers to startup_stm32l051xx.o(.text) for Reset_Handler
    startup_stm32l051xx.o(RESET) refers to stm32l0xx_it.o(i.NMI_Handler) for NMI_Handler
    startup_stm32l051xx.o(RESET) refers to stm32l0xx_it.o(i.HardFault_Handler) for HardFault_Handler
    startup_stm32l051xx.o(RESET) refers to stm32l0xx_it.o(i.SVC_Handler) for SVC_Handler
    startup_stm32l051xx.o(RESET) refers to stm32l0xx_it.o(i.PendSV_Handler) for PendSV_Handler
    startup_stm32l051xx.o(RESET) refers to stm32l0xx_it.o(i.SysTick_Handler) for SysTick_Handler
    startup_stm32l051xx.o(RESET) refers to stm32l0xx_it.o(i.TIM2_IRQHandler) for TIM2_IRQHandler
    startup_stm32l051xx.o(.text) refers to system_stm32l0xx.o(i.SystemInit) for SystemInit
    startup_stm32l051xx.o(.text) refers to entry.o(.ARM.Collect$$$$00000000) for __main
    user_dac.o(i.HAL_TIM_PeriodElapsedCallback) refers to stm32l0xx_hal_gpio.o(i.HAL_GPIO_ReadPin) for HAL_GPIO_ReadPin
    user_dac.o(i.HAL_TIM_PeriodElapsedCallback) refers to stm32l0xx_hal_gpio.o(i.HAL_GPIO_TogglePin) for HAL_GPIO_TogglePin
    user_dac.o(i.HAL_TIM_PeriodElapsedCallback) refers to user_dac.o(i.user_dacSend) for user_dacSend
    user_dac.o(i.HAL_TIM_PeriodElapsedCallback) refers to user_dac.o(i.user_dacSetVol) for user_dacSetVol
    user_dac.o(i.HAL_TIM_PeriodElapsedCallback) refers to user_dac.o(.data) for cnt_sw
    user_dac.o(i.user_dacSend) refers to stm32l0xx_hal_gpio.o(i.HAL_GPIO_WritePin) for HAL_GPIO_WritePin
    user_dac.o(i.user_dacSend) refers to user_dac.o(i.user_delay) for user_delay
    user_dac.o(i.user_dacSend) refers to user_dac.o(.data) for cmdDac
    user_dac.o(i.user_dacSetVol) refers to cfrcmple.o(.text) for __aeabi_cfrcmple
    user_dac.o(i.user_dacSetVol) refers to cfcmple.o(.text) for __aeabi_cfcmple
    user_dac.o(i.user_dacSetVol) refers to fadd.o(.text) for __aeabi_fsub
    user_dac.o(i.user_dacSetVol) refers to fdiv.o(.text) for __aeabi_fdiv
    user_dac.o(i.user_dacSetVol) refers to fmul.o(.text) for __aeabi_fmul
    user_dac.o(i.user_dacSetVol) refers to f2d.o(.text) for __aeabi_f2d
    user_dac.o(i.user_dacSetVol) refers to round.o(i.round) for round
    user_dac.o(i.user_dacSetVol) refers to dfixui.o(.text) for __aeabi_d2uiz
    user_dac.o(i.user_dacSetVol) refers to user_dac.o(.data) for volSet_mV
    user_dac.o(i.user_dacTest) refers to user_dac.o(i.user_dacSetVol) for user_dacSetVol
    main.o(i.MX_GPIO_Init) refers to memseta.o(.text) for __aeabi_memclr4
    main.o(i.MX_GPIO_Init) refers to stm32l0xx_hal_gpio.o(i.HAL_GPIO_WritePin) for HAL_GPIO_WritePin
    main.o(i.MX_GPIO_Init) refers to stm32l0xx_hal_gpio.o(i.HAL_GPIO_Init) for HAL_GPIO_Init
    main.o(i.MX_TIM2_Init) refers to stm32l0xx_hal_tim.o(i.HAL_TIM_Base_Init) for HAL_TIM_Base_Init
    main.o(i.MX_TIM2_Init) refers to main.o(i.Error_Handler) for Error_Handler
    main.o(i.MX_TIM2_Init) refers to stm32l0xx_hal_tim.o(i.HAL_TIM_ConfigClockSource) for HAL_TIM_ConfigClockSource
    main.o(i.MX_TIM2_Init) refers to stm32l0xx_hal_tim.o(i.HAL_TIM_PWM_Init) for HAL_TIM_PWM_Init
    main.o(i.MX_TIM2_Init) refers to stm32l0xx_hal_tim_ex.o(i.HAL_TIMEx_MasterConfigSynchronization) for HAL_TIMEx_MasterConfigSynchronization
    main.o(i.MX_TIM2_Init) refers to stm32l0xx_hal_tim.o(i.HAL_TIM_PWM_ConfigChannel) for HAL_TIM_PWM_ConfigChannel
    main.o(i.MX_TIM2_Init) refers to main.o(.bss) for htim2
    main.o(i.SystemClock_Config) refers to memseta.o(.text) for __aeabi_memclr4
    main.o(i.SystemClock_Config) refers to stm32l0xx_hal_rcc.o(i.HAL_RCC_OscConfig) for HAL_RCC_OscConfig
    main.o(i.SystemClock_Config) refers to main.o(i.Error_Handler) for Error_Handler
    main.o(i.SystemClock_Config) refers to stm32l0xx_hal_rcc.o(i.HAL_RCC_ClockConfig) for HAL_RCC_ClockConfig
    main.o(i.main) refers to stm32l0xx_hal.o(i.HAL_Init) for HAL_Init
    main.o(i.main) refers to main.o(i.SystemClock_Config) for SystemClock_Config
    main.o(i.main) refers to main.o(i.MX_GPIO_Init) for MX_GPIO_Init
    main.o(i.main) refers to main.o(i.MX_TIM2_Init) for MX_TIM2_Init
    main.o(i.main) refers to user_dac.o(i.user_dacTest) for user_dacTest
    main.o(i.main) refers to stm32l0xx_hal_tim.o(i.HAL_TIM_Base_Start_IT) for HAL_TIM_Base_Start_IT
    main.o(i.main) refers to stm32l0xx_hal.o(i.HAL_Delay) for HAL_Delay
    main.o(i.main) refers to main.o(.bss) for htim2
    stm32l0xx_it.o(i.SysTick_Handler) refers to stm32l0xx_hal.o(i.HAL_IncTick) for HAL_IncTick
    stm32l0xx_it.o(i.TIM2_IRQHandler) refers to stm32l0xx_hal_tim.o(i.HAL_TIM_IRQHandler) for HAL_TIM_IRQHandler
    stm32l0xx_it.o(i.TIM2_IRQHandler) refers to main.o(.bss) for htim2
[...]
    stm32l0xx_hal_i2c.o(i.I2C_Slave_ISR_IT) refers to stm32l0xx_hal_i2c.o(i.I2C_ITError) for I2C_ITError
    stm32l0xx_hal_i2c.o(i.I2C_Slave_ISR_IT) refers to stm32l0xx_hal_i2c.o(i.I2C_ITAddrCplt) for I2C_ITAddrCplt
    stm32l0xx_hal_i2c.o(i.I2C_TreatErrorCallback) refers to stm32l0xx_hal_i2c.o(i.HAL_I2C_AbortCpltCallback) for HAL_I2C_AbortCpltCallback
    stm32l0xx_hal_i2c.o(i.I2C_TreatErrorCallback) refers to stm32l0xx_hal_i2c.o(i.HAL_I2C_ErrorCallback) for HAL_I2C_ErrorCallback
    stm32l0xx_hal_i2c.o(i.I2C_WaitOnFlagUntilTimeout) refers to stm32l0xx_hal.o(i.HAL_GetTick) for HAL_GetTick
    stm32l0xx_hal_i2c.o(i.I2C_WaitOnRXNEFlagUntilTimeout) refers to stm32l0xx_hal_i2c.o(i.I2C_IsAcknowledgeFailed) for I2C_IsAcknowledgeFailed
    stm32l0xx_hal_i2c.o(i.I2C_WaitOnRXNEFlagUntilTimeout) refers to stm32l0xx_hal.o(i.HAL_GetTick) for HAL_GetTick
    stm32l0xx_hal_i2c.o(i.I2C_WaitOnSTOPFlagUntilTimeout) refers to stm32l0xx_hal_i2c.o(i.I2C_IsAcknowledgeFailed) for I2C_IsAcknowledgeFailed
    stm32l0xx_hal_i2c.o(i.I2C_WaitOnSTOPFlagUntilTimeout) refers to stm32l0xx_hal.o(i.HAL_GetTick) for HAL_GetTick
    stm32l0xx_hal_i2c.o(i.I2C_WaitOnTXISFlagUntilTimeout) refers to stm32l0xx_hal_i2c.o(i.I2C_IsAcknowledgeFailed) for I2C_IsAcknowledgeFailed
    stm32l0xx_hal_i2c.o(i.I2C_WaitOnTXISFlagUntilTimeout) refers to stm32l0xx_hal.o(i.HAL_GetTick) for HAL_GetTick
    stm32l0xx_hal_rcc.o(i.HAL_RCC_ClockConfig) refers to stm32l0xx_hal.o(i.HAL_GetTick) for HAL_GetTick
    stm32l0xx_hal_rcc.o(i.HAL_RCC_ClockConfig) refers to stm32l0xx_hal_rcc.o(i.HAL_RCC_GetSysClockFreq) for HAL_RCC_GetSysClockFreq
    stm32l0xx_hal_rcc.o(i.HAL_RCC_ClockConfig) refers to stm32l0xx_hal.o(i.HAL_InitTick) for HAL_InitTick
    stm32l0xx_hal_rcc.o(i.HAL_RCC_ClockConfig) refers to system_stm32l0xx.o(.constdata) for AHBPrescTable
    stm32l0xx_hal_rcc.o(i.HAL_RCC_ClockConfig) refers to system_stm32l0xx.o(.data) for SystemCoreClock
    stm32l0xx_hal_rcc.o(i.HAL_RCC_DeInit) refers to stm32l0xx_hal.o(i.HAL_GetTick) for HAL_GetTick
    stm32l0xx_hal_rcc.o(i.HAL_RCC_DeInit) refers to stm32l0xx_hal.o(i.HAL_InitTick) for HAL_InitTick
    stm32l0xx_hal_rcc.o(i.HAL_RCC_DeInit) refers to system_stm32l0xx.o(.data) for SystemCoreClock
    stm32l0xx_hal_rcc.o(i.HAL_RCC_GetHCLKFreq) refers to system_stm32l0xx.o(.data) for SystemCoreClock
    stm32l0xx_hal_rcc.o(i.HAL_RCC_GetPCLK1Freq) refers to stm32l0xx_hal_rcc.o(i.HAL_RCC_GetHCLKFreq) for HAL_RCC_GetHCLKFreq
    stm32l0xx_hal_rcc.o(i.HAL_RCC_GetPCLK1Freq) refers to system_stm32l0xx.o(.constdata) for APBPrescTable
    stm32l0xx_hal_rcc.o(i.HAL_RCC_GetPCLK2Freq) refers to stm32l0xx_hal_rcc.o(i.HAL_RCC_GetHCLKFreq) for HAL_RCC_GetHCLKFreq
    stm32l0xx_hal_rcc.o(i.HAL_RCC_GetPCLK2Freq) refers to system_stm32l0xx.o(.constdata) for APBPrescTable
    stm32l0xx_hal_rcc.o(i.HAL_RCC_GetSysClockFreq) refers to uidiv.o(.text) for __aeabi_uidivmod
    stm32l0xx_hal_rcc.o(i.HAL_RCC_GetSysClockFreq) refers to system_stm32l0xx.o(.constdata) for PLLMulTable
    stm32l0xx_hal_rcc.o(i.HAL_RCC_MCOConfig) refers to memseta.o(.text) for __aeabi_memclr4
    stm32l0xx_hal_rcc.o(i.HAL_RCC_MCOConfig) refers to stm32l0xx_hal_gpio.o(i.HAL_GPIO_Init) for HAL_GPIO_Init
    stm32l0xx_hal_rcc.o(i.HAL_RCC_NMI_IRQHandler) refers to stm32l0xx_hal_rcc.o(i.HAL_RCC_CSSCallback) for HAL_RCC_CSSCallback
    stm32l0xx_hal_rcc.o(i.HAL_RCC_OscConfig) refers to stm32l0xx_hal.o(i.HAL_GetTick) for HAL_GetTick
    stm32l0xx_hal_rcc.o(i.HAL_RCC_OscConfig) refers to stm32l0xx_hal_rcc.o(i.HAL_RCC_GetSysClockFreq) for HAL_RCC_GetSysClockFreq
    stm32l0xx_hal_rcc.o(i.HAL_RCC_OscConfig) refers to stm32l0xx_hal.o(i.HAL_InitTick) for HAL_InitTick
    stm32l0xx_hal_rcc.o(i.HAL_RCC_OscConfig) refers to system_stm32l0xx.o(.constdata) for AHBPrescTable
    stm32l0xx_hal_rcc.o(i.HAL_RCC_OscConfig) refers to system_stm32l0xx.o(.data) for SystemCoreClock
    stm32l0xx_hal_rcc_ex.o(i.HAL_RCCEx_GetPeriphCLKFreq) refers to stm32l0xx_hal_rcc.o(i.HAL_RCC_GetPCLK2Freq) for HAL_RCC_GetPCLK2Freq
    stm32l0xx_hal_rcc_ex.o(i.HAL_RCCEx_GetPeriphCLKFreq) refers to stm32l0xx_hal_rcc.o(i.HAL_RCC_GetSysClockFreq) for HAL_RCC_GetSysClockFreq
    stm32l0xx_hal_rcc_ex.o(i.HAL_RCCEx_GetPeriphCLKFreq) refers to stm32l0xx_hal_rcc.o(i.HAL_RCC_GetPCLK1Freq) for HAL_RCC_GetPCLK1Freq
    stm32l0xx_hal_rcc_ex.o(i.HAL_RCCEx_LSECSS_IRQHandler) refers to stm32l0xx_hal_rcc_ex.o(i.HAL_RCCEx_LSECSS_Callback) for HAL_RCCEx_LSECSS_Callback
    stm32l0xx_hal_rcc_ex.o(i.HAL_RCCEx_PeriphCLKConfig) refers to stm32l0xx_hal.o(i.HAL_GetTick) for HAL_GetTick
    stm32l0xx_hal_flash_ramfunc.o(i.FLASHRAM_SetErrorCode) refers to stm32l0xx_hal_flash.o(.bss) for pFlash
    stm32l0xx_hal_flash_ramfunc.o(i.FLASHRAM_WaitForLastOperation) refers to stm32l0xx_hal_flash_ramfunc.o(i.FLASHRAM_SetErrorCode) for FLASHRAM_SetErrorCode
    stm32l0xx_hal_flash_ramfunc.o(i.HAL_FLASHEx_GetError) refers to stm32l0xx_hal_flash.o(.bss) for pFlash
    stm32l0xx_hal_flash_ramfunc.o(i.HAL_FLASHEx_HalfPageProgram) refers to stm32l0xx_hal_flash_ramfunc.o(i.FLASHRAM_WaitForLastOperation) for FLASHRAM_WaitForLastOperation
    stm32l0xx_hal_flash.o(i.FLASH_SetErrorCode) refers to stm32l0xx_hal_flash.o(.bss) for pFlash
    stm32l0xx_hal_flash.o(i.FLASH_WaitForLastOperation) refers to stm32l0xx_hal.o(i.HAL_GetTick) for HAL_GetTick
    stm32l0xx_hal_flash.o(i.FLASH_WaitForLastOperation) refers to stm32l0xx_hal_flash.o(i.FLASH_SetErrorCode) for FLASH_SetErrorCode
    stm32l0xx_hal_flash.o(i.HAL_FLASH_GetError) refers to stm32l0xx_hal_flash.o(.bss) for pFlash
    stm32l0xx_hal_flash.o(i.HAL_FLASH_IRQHandler) refers to stm32l0xx_hal_flash.o(i.FLASH_SetErrorCode) for FLASH_SetErrorCode
    stm32l0xx_hal_flash.o(i.HAL_FLASH_IRQHandler) refers to stm32l0xx_hal_flash.o(i.HAL_FLASH_OperationErrorCallback) for HAL_FLASH_OperationErrorCallback
    stm32l0xx_hal_flash.o(i.HAL_FLASH_IRQHandler) refers to stm32l0xx_hal_flash.o(i.HAL_FLASH_EndOfOperationCallback) for HAL_FLASH_EndOfOperationCallback
    stm32l0xx_hal_flash.o(i.HAL_FLASH_IRQHandler) refers to stm32l0xx_hal_flash_ex.o(i.FLASH_PageErase) for FLASH_PageErase
    stm32l0xx_hal_flash.o(i.HAL_FLASH_IRQHandler) refers to stm32l0xx_hal_flash.o(.bss) for pFlash
    stm32l0xx_hal_flash.o(i.HAL_FLASH_OB_Launch) refers to stm32l0xx_hal_flash.o(i.FLASH_WaitForLastOperation) for FLASH_WaitForLastOperation
    stm32l0xx_hal_flash.o(i.HAL_FLASH_Program) refers to stm32l0xx_hal_flash.o(i.FLASH_WaitForLastOperation) for FLASH_WaitForLastOperation
    stm32l0xx_hal_flash.o(i.HAL_FLASH_Program) refers to stm32l0xx_hal_flash.o(.bss) for pFlash
    stm32l0xx_hal_flash.o(i.HAL_FLASH_Program_IT) refers to stm32l0xx_hal_flash.o(.bss) for pFlash
    stm32l0xx_hal_flash_ex.o(i.FLASH_OB_BOOTBit1Config) refers to stm32l0xx_hal_flash.o(i.FLASH_WaitForLastOperation) for FLASH_WaitForLastOperation
    stm32l0xx_hal_flash_ex.o(i.FLASH_OB_BOOTBit1Config) refers to stm32l0xx_hal_flash.o(.bss) for pFlash
    stm32l0xx_hal_flash_ex.o(i.FLASH_OB_BORConfig) refers to stm32l0xx_hal_flash.o(i.FLASH_WaitForLastOperation) for FLASH_WaitForLastOperation
    stm32l0xx_hal_flash_ex.o(i.FLASH_OB_BORConfig) refers to stm32l0xx_hal_flash.o(.bss) for pFlash
    stm32l0xx_hal_flash_ex.o(i.FLASH_OB_ProtectedSectorsConfig) refers to stm32l0xx_hal_flash.o(i.FLASH_WaitForLastOperation) for FLASH_WaitForLastOperation
    stm32l0xx_hal_flash_ex.o(i.FLASH_OB_ProtectedSectorsConfig) refers to stm32l0xx_hal_flash.o(.bss) for pFlash
    stm32l0xx_hal_flash_ex.o(i.FLASH_OB_RDPConfig) refers to stm32l0xx_hal_flash.o(i.FLASH_WaitForLastOperation) for FLASH_WaitForLastOperation
    stm32l0xx_hal_flash_ex.o(i.FLASH_OB_RDPConfig) refers to stm32l0xx_hal_flash.o(.bss) for pFlash
    stm32l0xx_hal_flash_ex.o(i.FLASH_OB_UserConfig) refers to stm32l0xx_hal_flash.o(i.FLASH_WaitForLastOperation) for FLASH_WaitForLastOperation
    stm32l0xx_hal_flash_ex.o(i.FLASH_OB_UserConfig) refers to stm32l0xx_hal_flash.o(.bss) for pFlash
    stm32l0xx_hal_flash_ex.o(i.FLASH_PageErase) refers to stm32l0xx_hal_flash.o(.bss) for pFlash
    stm32l0xx_hal_flash_ex.o(i.HAL_FLASHEx_AdvOBProgram) refers to stm32l0xx_hal_flash_ex.o(i.FLASH_OB_ProtectedSectorsConfig) for FLASH_OB_ProtectedSectorsConfig
    stm32l0xx_hal_flash_ex.o(i.HAL_FLASHEx_DATAEEPROM_Erase) refers to stm32l0xx_hal_flash.o(i.FLASH_WaitForLastOperation) for FLASH_WaitForLastOperation
    stm32l0xx_hal_flash_ex.o(i.HAL_FLASHEx_DATAEEPROM_Erase) refers to stm32l0xx_hal_flash.o(.bss) for pFlash
    stm32l0xx_hal_flash_ex.o(i.HAL_FLASHEx_DATAEEPROM_Program) refers to stm32l0xx_hal_flash.o(i.FLASH_WaitForLastOperation) for FLASH_WaitForLastOperation
    stm32l0xx_hal_flash_ex.o(i.HAL_FLASHEx_DATAEEPROM_Program) refers to stm32l0xx_hal_flash.o(.bss) for pFlash
    stm32l0xx_hal_flash_ex.o(i.HAL_FLASHEx_Erase) refers to stm32l0xx_hal_flash.o(i.FLASH_WaitForLastOperation) for FLASH_WaitForLastOperation
    stm32l0xx_hal_flash_ex.o(i.HAL_FLASHEx_Erase) refers to stm32l0xx_hal_flash_ex.o(i.FLASH_PageErase) for FLASH_PageErase
    stm32l0xx_hal_flash_ex.o(i.HAL_FLASHEx_Erase) refers to stm32l0xx_hal_flash.o(.bss) for pFlash
    stm32l0xx_hal_flash_ex.o(i.HAL_FLASHEx_Erase_IT) refers to stm32l0xx_hal_flash.o(i.FLASH_WaitForLastOperation) for FLASH_WaitForLastOperation
    stm32l0xx_hal_flash_ex.o(i.HAL_FLASHEx_Erase_IT) refers to stm32l0xx_hal_flash_ex.o(i.FLASH_PageErase) for FLASH_PageErase
    stm32l0xx_hal_flash_ex.o(i.HAL_FLASHEx_Erase_IT) refers to stm32l0xx_hal_flash.o(.bss) for pFlash
    stm32l0xx_hal_flash_ex.o(i.HAL_FLASHEx_OBGetConfig) refers to stm32l0xx_hal_flash_ex.o(i.FLASH_OB_GetWRP) for FLASH_OB_GetWRP
    stm32l0xx_hal_flash_ex.o(i.HAL_FLASHEx_OBGetConfig) refers to stm32l0xx_hal_flash_ex.o(i.FLASH_OB_GetRDP) for FLASH_OB_GetRDP
    stm32l0xx_hal_flash_ex.o(i.HAL_FLASHEx_OBGetConfig) refers to stm32l0xx_hal_flash_ex.o(i.FLASH_OB_GetUser) for FLASH_OB_GetUser
    stm32l0xx_hal_flash_ex.o(i.HAL_FLASHEx_OBGetConfig) refers to stm32l0xx_hal_flash_ex.o(i.FLASH_OB_GetBOR) for FLASH_OB_GetBOR
    stm32l0xx_hal_flash_ex.o(i.HAL_FLASHEx_OBGetConfig) refers to stm32l0xx_hal_flash_ex.o(i.FLASH_OB_GetBOOTBit1) for FLASH_OB_GetBOOTBit1
    stm32l0xx_hal_flash_ex.o(i.HAL_FLASHEx_OBProgram) refers to stm32l0xx_hal_flash_ex.o(i.FLASH_OB_ProtectedSectorsConfig) for FLASH_OB_ProtectedSectorsConfig
    stm32l0xx_hal_flash_ex.o(i.HAL_FLASHEx_OBProgram) refers to stm32l0xx_hal_flash_ex.o(i.FLASH_OB_RDPConfig) for FLASH_OB_RDPConfig
    stm32l0xx_hal_flash_ex.o(i.HAL_FLASHEx_OBProgram) refers to stm32l0xx_hal_flash_ex.o(i.FLASH_OB_UserConfig) for FLASH_OB_UserConfig
    stm32l0xx_hal_flash_ex.o(i.HAL_FLASHEx_OBProgram) refers to stm32l0xx_hal_flash_ex.o(i.FLASH_OB_BORConfig) for FLASH_OB_BORConfig
    stm32l0xx_hal_flash_ex.o(i.HAL_FLASHEx_OBProgram) refers to stm32l0xx_hal_flash_ex.o(i.FLASH_OB_BOOTBit1Config) for FLASH_OB_BOOTBit1Config
    stm32l0xx_hal_flash_ex.o(i.HAL_FLASHEx_OBProgram) refers to stm32l0xx_hal_flash.o(.bss) for pFlash
    stm32l0xx_hal_flash_ex.o(i.HAL_FLASHEx_OB_DeSelectPCROP) refers to stm32l0xx_hal_flash.o(i.FLASH_WaitForLastOperation) for FLASH_WaitForLastOperation
    stm32l0xx_hal_flash_ex.o(i.HAL_FLASHEx_OB_DeSelectPCROP) refers to stm32l0xx_hal_flash.o(.bss) for pFlash
    stm32l0xx_hal_flash_ex.o(i.HAL_FLASHEx_OB_SelectPCROP) refers to stm32l0xx_hal_flash.o(i.FLASH_WaitForLastOperation) for FLASH_WaitForLastOperation
    stm32l0xx_hal_flash_ex.o(i.HAL_FLASHEx_OB_SelectPCROP) refers to stm32l0xx_hal_flash.o(.bss) for pFlash
    stm32l0xx_hal_gpio.o(i.HAL_GPIO_EXTI_IRQHandler) refers to stm32l0xx_hal_gpio.o(i.HAL_GPIO_EXTI_Callback) for HAL_GPIO_EXTI_Callback
    stm32l0xx_hal_dma.o(i.HAL_DMA_DeInit) refers to uidiv.o(.text) for __aeabi_uidivmod
    stm32l0xx_hal_dma.o(i.HAL_DMA_Init) refers to uidiv.o(.text) for __aeabi_uidivmod
    stm32l0xx_hal_dma.o(i.HAL_DMA_PollForTransfer) refers to stm32l0xx_hal.o(i.HAL_GetTick) for HAL_GetTick
    stm32l0xx_hal_dma.o(i.HAL_DMA_Start) refers to stm32l0xx_hal_dma.o(i.DMA_SetConfig) for DMA_SetConfig
    stm32l0xx_hal_dma.o(i.HAL_DMA_Start_IT) refers to stm32l0xx_hal_dma.o(i.DMA_SetConfig) for DMA_SetConfig
    stm32l0xx_hal_dma.o(i.HAL_DMA_UnRegisterCallback) refers to stm32l0xx_hal_tim.o(i.__ARM_common_switch8) for __ARM_common_switch8
    stm32l0xx_hal_pwr.o(i.HAL_PWR_PVD_IRQHandler) refers to stm32l0xx_hal_pwr.o(i.HAL_PWR_PVDCallback) for HAL_PWR_PVDCallback
    stm32l0xx_hal_pwr_ex.o(i.HAL_PWREx_DisableLowPowerRunMode) refers to uidiv.o(.text) for __aeabi_uidivmod
    stm32l0xx_hal_pwr_ex.o(i.HAL_PWREx_DisableLowPowerRunMode) refers to system_stm32l0xx.o(.data) for SystemCoreClock
    stm32l0xx_hal_cortex.o(i.HAL_NVIC_SetPriority) refers to stm32l0xx_hal_cortex.o(i.NVIC_SetPriority) for NVIC_SetPriority
    stm32l0xx_hal_cortex.o(i.HAL_SYSTICK_Config) refers to stm32l0xx_hal_cortex.o(i.NVIC_SetPriority) for NVIC_SetPriority
    stm32l0xx_hal_cortex.o(i.HAL_SYSTICK_IRQHandler) refers to stm32l0xx_hal_cortex.o(i.HAL_SYSTICK_Callback) for HAL_SYSTICK_Callback
    system_stm32l0xx.o(i.SystemCoreClockUpdate) refers to uidiv.o(.text) for __aeabi_uidivmod
    system_stm32l0xx.o(i.SystemCoreClockUpdate) refers to system_stm32l0xx.o(.data) for SystemCoreClock
    system_stm32l0xx.o(i.SystemCoreClockUpdate) refers to system_stm32l0xx.o(.constdata) for PLLMulTable
    round.o(i.round) refers (Special) to iusefp.o(.text) for __I$use$fp
    round.o(i.round) refers to drnd.o(.text) for _drnd
    round.o(i.round) refers to dadd.o(.text) for __aeabi_dsub
    round.o(i.round) refers to cdcmple.o(.text) for __aeabi_cdcmple
    round.o(i.round) refers to cdrcmple.o(.text) for __aeabi_cdrcmple
    entry.o(.ARM.Collect$$$$00000000) refers (Special) to entry10a.o(.ARM.Collect$$$$0000000D) for __rt_final_cpp
    entry.o(.ARM.Collect$$$$00000000) refers (Special) to entry11a.o(.ARM.Collect$$$$0000000F) for __rt_final_exit
    entry.o(.ARM.Collect$$$$00000000) refers (Special) to entry7b.o(.ARM.Collect$$$$00000008) for _main_clock
    entry.o(.ARM.Collect$$$$00000000) refers (Special) to entry8b.o(.ARM.Collect$$$$0000000A) for _main_cpp_init
    entry.o(.ARM.Collect$$$$00000000) refers (Special) to entry9a.o(.ARM.Collect$$$$0000000B) for _main_init
    entry.o(.ARM.Collect$$$$00000000) refers (Special) to entry5.o(.ARM.Collect$$$$00000004) for _main_scatterload
    entry.o(.ARM.Collect$$$$00000000) refers (Special) to entry2.o(.ARM.Collect$$$$00000001) for _main_stk
    fadd.o(.text) refers (Special) to iusefp.o(.text) for __I$use$fp
    fadd.o(.text) refers to fepilogue.o(.text) for _float_epilogue
    fmul.o(.text) refers (Special) to iusefp.o(.text) for __I$use$fp
    fdiv.o(.text) refers (Special) to iusefp.o(.text) for __I$use$fp
    fdiv.o(.text) refers to fepilogue.o(.text) for _float_round
    dfixui.o(.text) refers (Special) to iusefp.o(.text) for __I$use$fp
    dfixui.o(.text) refers to llushr.o(.text) for __aeabi_llsr
    f2d.o(.text) refers (Special) to iusefp.o(.text) for __I$use$fp
    cfcmple.o(.text) refers (Special) to iusefp.o(.text) for __I$use$fp
    cfrcmple.o(.text) refers (Special) to iusefp.o(.text) for __I$use$fp
    entry2.o(.ARM.Collect$$$$00000001) refers to entry2.o(.ARM.Collect$$$$00002712) for __lit__00000000
    entry2.o(.ARM.Collect$$$$00002712) refers to startup_stm32l051xx.o(STACK) for __initial_sp
    entry2.o(__vectab_stack_and_reset_area) refers to startup_stm32l051xx.o(STACK) for __initial_sp
    entry2.o(__vectab_stack_and_reset_area) refers to entry.o(.ARM.Collect$$$$00000000) for __main
    entry5.o(.ARM.Collect$$$$00000004) refers to init.o(.text) for __scatterload
    entry9a.o(.ARM.Collect$$$$0000000B) refers to main.o(i.main) for main
    entry9b.o(.ARM.Collect$$$$0000000C) refers to main.o(i.main) for main
    dadd.o(.text) refers to llshl.o(.text) for __aeabi_llsl
    dadd.o(.text) refers to llsshr.o(.text) for __aeabi_lasr
    dadd.o(.text) refers to depilogue.o(.text) for _double_epilogue
    drnd.o(.text) refers to llshl.o(.text) for __aeabi_llsl
    drnd.o(.text) refers to llushr.o(.text) for __aeabi_llsr
    drnd.o(.text) refers to depilogue.o(.text) for _double_round
    init.o(.text) refers to entry5.o(.ARM.Collect$$$$00000004) for __main_after_scatterload
    depilogue.o(.text) refers to depilogue.o(i.__ARM_clz) for __ARM_clz
    depilogue.o(.text) refers to llshl.o(.text) for __aeabi_llsl
    depilogue.o(.text) refers to llushr.o(.text) for __aeabi_llsr


==============================================================================

Removing Unused input sections from the image.

    Removing startup_stm32l051xx.o(HEAP), (512 bytes).
    Removing user_dac.o(.rev16_text), (4 bytes).
    Removing user_dac.o(.revsh_text), (4 bytes).
    Removing user_dac.o(i.user_dacInit), (2 bytes).
    Removing user_dac.o(i.user_dacRefresh), (2 bytes).
    Removing main.o(.rev16_text), (4 bytes).
    Removing main.o(.revsh_text), (4 bytes).
    Removing stm32l0xx_it.o(.rev16_text), (4 bytes).
    Removing stm32l0xx_it.o(.revsh_text), (4 bytes).
    Removing stm32l0xx_hal_msp.o(.rev16_text), (4 bytes).
    Removing stm32l0xx_hal_msp.o(.revsh_text), (4 bytes).
    Removing stm32l0xx_hal_msp.o(i.HAL_TIM_Base_MspDeInit), (40 bytes).
    Removing stm32l0xx_hal_tim.o(.rev16_text), (4 bytes).
    Removing stm32l0xx_hal_tim.o(.revsh_text), (4 bytes).
    Removing stm32l0xx_hal_tim.o(i.HAL_TIM_Base_DeInit), (68 bytes).
    Removing stm32l0xx_hal_tim.o(i.HAL_TIM_Base_GetState), (8 bytes).
    Removing stm32l0xx_hal_tim.o(i.HAL_TIM_Base_MspDeInit), (2 bytes).
    Removing stm32l0xx_hal_tim.o(i.HAL_TIM_Base_MspInit), (2 bytes).
    Removing stm32l0xx_hal_tim.o(i.HAL_TIM_Base_Start), (42 bytes).
    Removing stm32l0xx_hal_tim.o(i.HAL_TIM_Base_Start_DMA), (140 bytes).
    Removing stm32l0xx_hal_tim.o(i.HAL_TIM_Base_Stop), (52 bytes).
    Removing stm32l0xx_hal_tim.o(i.HAL_TIM_Base_Stop_DMA), (68 bytes).
    Removing stm32l0xx_hal_tim.o(i.HAL_TIM_Base_Stop_IT), (52 bytes).
    Removing stm32l0xx_hal_tim.o(i.HAL_TIM_ConfigOCrefClear), (294 bytes).
    Removing stm32l0xx_hal_tim.o(i.HAL_TIM_ConfigTI1Input), (32 bytes).
    Removing stm32l0xx_hal_tim.o(i.HAL_TIM_DMABurst_ReadStart), (460 bytes).
    Removing stm32l0xx_hal_tim.o(i.HAL_TIM_DMABurst_ReadStop), (150 bytes).
    Removing stm32l0xx_hal_tim.o(i.HAL_TIM_DMABurst_WriteStart), (460 bytes).
    Removing stm32l0xx_hal_tim.o(i.HAL_TIM_DMABurst_WriteStop), (150 bytes).
    Removing stm32l0xx_hal_tim.o(i.HAL_TIM_Encoder_DeInit), (68 bytes).
    Removing stm32l0xx_hal_tim.o(i.HAL_TIM_Encoder_GetState), (8 bytes).
    Removing stm32l0xx_hal_tim.o(i.HAL_TIM_Encoder_Init), (192 bytes).
    Removing stm32l0xx_hal_tim.o(i.HAL_TIM_Encoder_MspDeInit), (2 bytes).
    Removing stm32l0xx_hal_tim.o(i.HAL_TIM_Encoder_MspInit), (2 bytes).
    Removing stm32l0xx_hal_tim.o(i.HAL_TIM_Encoder_Start), (80 bytes).
    Removing stm32l0xx_hal_tim.o(i.HAL_TIM_Encoder_Start_DMA), (396 bytes).
    Removing stm32l0xx_hal_tim.o(i.HAL_TIM_Encoder_Start_IT), (128 bytes).
    Removing stm32l0xx_hal_tim.o(i.HAL_TIM_Encoder_Stop), (100 bytes).
    Removing stm32l0xx_hal_tim.o(i.HAL_TIM_Encoder_Stop_DMA), (180 bytes).
    Removing stm32l0xx_hal_tim.o(i.HAL_TIM_Encoder_Stop_IT), (148 bytes).
    Removing stm32l0xx_hal_tim.o(i.HAL_TIM_ErrorCallback), (2 bytes).
    Removing stm32l0xx_hal_tim.o(i.HAL_TIM_GenerateEvent), (54 bytes).
    Removing stm32l0xx_hal_tim.o(i.HAL_TIM_IC_CaptureHalfCpltCallback), (2 bytes).
    Removing stm32l0xx_hal_tim.o(i.HAL_TIM_IC_ConfigChannel), (226 bytes).
    Removing stm32l0xx_hal_tim.o(i.HAL_TIM_IC_DeInit), (68 bytes).
    Removing stm32l0xx_hal_tim.o(i.HAL_TIM_IC_GetState), (8 bytes).
    Removing stm32l0xx_hal_tim.o(i.HAL_TIM_IC_Init), (56 bytes).
    Removing stm32l0xx_hal_tim.o(i.HAL_TIM_IC_MspDeInit), (2 bytes).
    Removing stm32l0xx_hal_tim.o(i.HAL_TIM_IC_MspInit), (2 bytes).
    Removing stm32l0xx_hal_tim.o(i.HAL_TIM_IC_Start), (44 bytes).
    Removing stm32l0xx_hal_tim.o(i.HAL_TIM_IC_Start_DMA), (356 bytes).
    Removing stm32l0xx_hal_tim.o(i.HAL_TIM_IC_Start_IT), (122 bytes).
    Removing stm32l0xx_hal_tim.o(i.HAL_TIM_IC_Stop), (52 bytes).
    Removing stm32l0xx_hal_tim.o(i.HAL_TIM_IC_Stop_DMA), (168 bytes).
    Removing stm32l0xx_hal_tim.o(i.HAL_TIM_IC_Stop_IT), (132 bytes).
    Removing stm32l0xx_hal_tim.o(i.HAL_TIM_OC_ConfigChannel), (118 bytes).
    Removing stm32l0xx_hal_tim.o(i.HAL_TIM_OC_DeInit), (68 bytes).
    Removing stm32l0xx_hal_tim.o(i.HAL_TIM_OC_GetState), (8 bytes).
    Removing stm32l0xx_hal_tim.o(i.HAL_TIM_OC_Init), (56 bytes).
    Removing stm32l0xx_hal_tim.o(i.HAL_TIM_OC_MspDeInit), (2 bytes).
    Removing stm32l0xx_hal_tim.o(i.HAL_TIM_OC_MspInit), (2 bytes).
    Removing stm32l0xx_hal_tim.o(i.HAL_TIM_OC_Start), (44 bytes).
    Removing stm32l0xx_hal_tim.o(i.HAL_TIM_OC_Start_DMA), (356 bytes).
    Removing stm32l0xx_hal_tim.o(i.HAL_TIM_OC_Start_IT), (122 bytes).
    Removing stm32l0xx_hal_tim.o(i.HAL_TIM_OC_Stop), (52 bytes).
    Removing stm32l0xx_hal_tim.o(i.HAL_TIM_OC_Stop_DMA), (168 bytes).
    Removing stm32l0xx_hal_tim.o(i.HAL_TIM_OC_Stop_IT), (132 bytes).
    Removing stm32l0xx_hal_tim.o(i.HAL_TIM_OnePulse_ConfigChannel), (286 bytes).
    Removing stm32l0xx_hal_tim.o(i.HAL_TIM_OnePulse_DeInit), (68 bytes).
    Removing stm32l0xx_hal_tim.o(i.HAL_TIM_OnePulse_GetState), (8 bytes).
    Removing stm32l0xx_hal_tim.o(i.HAL_TIM_OnePulse_Init), (80 bytes).
    Removing stm32l0xx_hal_tim.o(i.HAL_TIM_OnePulse_MspDeInit), (2 bytes).
    Removing stm32l0xx_hal_tim.o(i.HAL_TIM_OnePulse_MspInit), (2 bytes).
    Removing stm32l0xx_hal_tim.o(i.HAL_TIM_OnePulse_Start), (30 bytes).
    Removing stm32l0xx_hal_tim.o(i.HAL_TIM_OnePulse_Start_IT), (54 bytes).
    Removing stm32l0xx_hal_tim.o(i.HAL_TIM_OnePulse_Stop), (64 bytes).
    Removing stm32l0xx_hal_tim.o(i.HAL_TIM_OnePulse_Stop_IT), (88 bytes).
    Removing stm32l0xx_hal_tim.o(i.HAL_TIM_PWM_DeInit), (68 bytes).
    Removing stm32l0xx_hal_tim.o(i.HAL_TIM_PWM_GetState), (8 bytes).
    Removing stm32l0xx_hal_tim.o(i.HAL_TIM_PWM_MspDeInit), (2 bytes).
    Removing stm32l0xx_hal_tim.o(i.HAL_TIM_PWM_PulseFinishedHalfCpltCallback), (2 bytes).
    Removing stm32l0xx_hal_tim.o(i.HAL_TIM_PWM_Start), (44 bytes).
    Removing stm32l0xx_hal_tim.o(i.HAL_TIM_PWM_Start_DMA), (356 bytes).
    Removing stm32l0xx_hal_tim.o(i.HAL_TIM_PWM_Start_IT), (122 bytes).
    Removing stm32l0xx_hal_tim.o(i.HAL_TIM_PWM_Stop), (60 bytes).
    Removing stm32l0xx_hal_tim.o(i.HAL_TIM_PWM_Stop_DMA), (168 bytes).
    Removing stm32l0xx_hal_tim.o(i.HAL_TIM_PWM_Stop_IT), (132 bytes).
    Removing stm32l0xx_hal_tim.o(i.HAL_TIM_PeriodElapsedCallback), (2 bytes).
    Removing stm32l0xx_hal_tim.o(i.HAL_TIM_PeriodElapsedHalfCpltCallback), (2 bytes).
    Removing stm32l0xx_hal_tim.o(i.HAL_TIM_ReadCapturedValue), (52 bytes).
    Removing stm32l0xx_hal_tim.o(i.HAL_TIM_SlaveConfigSynchro), (112 bytes).
    Removing stm32l0xx_hal_tim.o(i.HAL_TIM_SlaveConfigSynchro_IT), (112 bytes).
    Removing stm32l0xx_hal_tim.o(i.HAL_TIM_TriggerHalfCpltCallback), (2 bytes).
    Removing stm32l0xx_hal_tim.o(i.TIM_CCxChannelCmd), (34 bytes).
    Removing stm32l0xx_hal_tim.o(i.TIM_DMACaptureCplt), (70 bytes).
    Removing stm32l0xx_hal_tim.o(i.TIM_DMACaptureHalfCplt), (70 bytes).
    Removing stm32l0xx_hal_tim.o(i.TIM_DMADelayPulseCplt), (70 bytes).
    Removing stm32l0xx_hal_tim.o(i.TIM_DMADelayPulseHalfCplt), (70 bytes).
    Removing stm32l0xx_hal_tim.o(i.TIM_DMAError), (20 bytes).
    Removing stm32l0xx_hal_tim.o(i.TIM_DMAPeriodElapsedCplt), (20 bytes).
    Removing stm32l0xx_hal_tim.o(i.TIM_DMAPeriodElapsedHalfCplt), (20 bytes).
    Removing stm32l0xx_hal_tim.o(i.TIM_DMATriggerCplt), (20 bytes).
    Removing stm32l0xx_hal_tim.o(i.TIM_DMATriggerHalfCplt), (20 bytes).
    Removing stm32l0xx_hal_tim.o(i.TIM_SlaveTimer_SetConfig), (176 bytes).
    Removing stm32l0xx_hal_tim.o(i.TIM_TI1_SetConfig), (104 bytes).
    Removing stm32l0xx_hal_tim.o(i.TIM_TI2_SetConfig), (72 bytes).
    Removing stm32l0xx_hal_tim.o(i.TIM_TI3_SetConfig), (70 bytes).
    Removing stm32l0xx_hal_tim.o(i.TIM_TI4_SetConfig), (78 bytes).
    Removing stm32l0xx_hal_tim_ex.o(.rev16_text), (4 bytes).
    Removing stm32l0xx_hal_tim_ex.o(.revsh_text), (4 bytes).
    Removing stm32l0xx_hal_tim_ex.o(i.HAL_TIMEx_RemapConfig), (42 bytes).
    Removing stm32l0xx_hal.o(.rev16_text), (4 bytes).
    Removing stm32l0xx_hal.o(.revsh_text), (4 bytes).
    Removing stm32l0xx_hal.o(i.HAL_DBGMCU_DBG_DisableLowPowerConfig), (16 bytes).
    Removing stm32l0xx_hal.o(i.HAL_DBGMCU_DBG_EnableLowPowerConfig), (16 bytes).
    Removing stm32l0xx_hal.o(i.HAL_DBGMCU_DisableDBGSleepMode), (20 bytes).
    Removing stm32l0xx_hal.o(i.HAL_DBGMCU_DisableDBGStandbyMode), (20 bytes).
    Removing stm32l0xx_hal.o(i.HAL_DBGMCU_DisableDBGStopMode), (20 bytes).
    Removing stm32l0xx_hal.o(i.HAL_DBGMCU_EnableDBGSleepMode), (20 bytes).
    Removing stm32l0xx_hal.o(i.HAL_DBGMCU_EnableDBGStandbyMode), (20 bytes).
    Removing stm32l0xx_hal.o(i.HAL_DBGMCU_EnableDBGStopMode), (20 bytes).
    Removing stm32l0xx_hal.o(i.HAL_DeInit), (52 bytes).
    Removing stm32l0xx_hal.o(i.HAL_GetDEVID), (16 bytes).
    Removing stm32l0xx_hal.o(i.HAL_GetHalVersion), (8 bytes).
    Removing stm32l0xx_hal.o(i.HAL_GetREVID), (12 bytes).
    Removing stm32l0xx_hal.o(i.HAL_GetTickFreq), (12 bytes).
    Removing stm32l0xx_hal.o(i.HAL_GetTickPrio), (12 bytes).
    Removing stm32l0xx_hal.o(i.HAL_GetUIDw0), (12 bytes).
    Removing stm32l0xx_hal.o(i.HAL_GetUIDw1), (12 bytes).
    Removing stm32l0xx_hal.o(i.HAL_GetUIDw2), (12 bytes).
    Removing stm32l0xx_hal.o(i.HAL_MspDeInit), (2 bytes).
    Removing stm32l0xx_hal.o(i.HAL_MspInit), (2 bytes).
    Removing stm32l0xx_hal.o(i.HAL_ResumeTick), (20 bytes).
    Removing stm32l0xx_hal.o(i.HAL_SYSCFG_Disable_Lock_VREFINT), (20 bytes).
    Removing stm32l0xx_hal.o(i.HAL_SYSCFG_Enable_Lock_VREFINT), (20 bytes).
    Removing stm32l0xx_hal.o(i.HAL_SYSCFG_GetBootMode), (16 bytes).
    Removing stm32l0xx_hal.o(i.HAL_SYSCFG_VREFINT_OutputSelect), (28 bytes).
    Removing stm32l0xx_hal.o(i.HAL_SetTickFreq), (52 bytes).
    Removing stm32l0xx_hal.o(i.HAL_SuspendTick), (20 bytes).
    Removing stm32l0xx_hal_i2c.o(.rev16_text), (4 bytes).
    Removing stm32l0xx_hal_i2c.o(.revsh_text), (4 bytes).
    Removing stm32l0xx_hal_i2c.o(i.HAL_I2C_AbortCpltCallback), (2 bytes).
    Removing stm32l0xx_hal_i2c.o(i.HAL_I2C_AddrCallback), (2 bytes).
    Removing stm32l0xx_hal_i2c.o(i.HAL_I2C_DeInit), (66 bytes).
    Removing stm32l0xx_hal_i2c.o(i.HAL_I2C_DisableListen_IT), (62 bytes).
    Removing stm32l0xx_hal_i2c.o(i.HAL_I2C_ER_IRQHandler), (140 bytes).
    Removing stm32l0xx_hal_i2c.o(i.HAL_I2C_EV_IRQHandler), (30 bytes).
    Removing stm32l0xx_hal_i2c.o(i.HAL_I2C_EnableListen_IT), (44 bytes).
    Removing stm32l0xx_hal_i2c.o(i.HAL_I2C_ErrorCallback), (2 bytes).
    Removing stm32l0xx_hal_i2c.o(i.HAL_I2C_GetError), (6 bytes).
    Removing stm32l0xx_hal_i2c.o(i.HAL_I2C_GetMode), (8 bytes).
    Removing stm32l0xx_hal_i2c.o(i.HAL_I2C_GetState), (8 bytes).
    Removing stm32l0xx_hal_i2c.o(i.HAL_I2C_Init), (212 bytes).
    Removing stm32l0xx_hal_i2c.o(i.HAL_I2C_IsDeviceReady), (434 bytes).
    Removing stm32l0xx_hal_i2c.o(i.HAL_I2C_ListenCpltCallback), (2 bytes).
    Removing stm32l0xx_hal_i2c.o(i.HAL_I2C_MasterRxCpltCallback), (2 bytes).
    Removing stm32l0xx_hal_i2c.o(i.HAL_I2C_MasterTxCpltCallback), (2 bytes).
    Removing stm32l0xx_hal_i2c.o(i.HAL_I2C_Master_Abort_IT), (128 bytes).
    Removing stm32l0xx_hal_i2c.o(i.HAL_I2C_Master_Receive), (364 bytes).
    Removing stm32l0xx_hal_i2c.o(i.HAL_I2C_Master_Receive_DMA), (376 bytes).
    Removing stm32l0xx_hal_i2c.o(i.HAL_I2C_Master_Receive_IT), (168 bytes).
    Removing stm32l0xx_hal_i2c.o(i.HAL_I2C_Master_Seq_Receive_DMA), (404 bytes).
    Removing stm32l0xx_hal_i2c.o(i.HAL_I2C_Master_Seq_Receive_IT), (192 bytes).
    Removing stm32l0xx_hal_i2c.o(i.HAL_I2C_Master_Seq_Transmit_DMA), (404 bytes).
    Removing stm32l0xx_hal_i2c.o(i.HAL_I2C_Master_Seq_Transmit_IT), (192 bytes).
    Removing stm32l0xx_hal_i2c.o(i.HAL_I2C_Master_Transmit), (364 bytes).
    Removing stm32l0xx_hal_i2c.o(i.HAL_I2C_Master_Transmit_DMA), (376 bytes).
    Removing stm32l0xx_hal_i2c.o(i.HAL_I2C_Master_Transmit_IT), (168 bytes).
    Removing stm32l0xx_hal_i2c.o(i.HAL_I2C_MemRxCpltCallback), (2 bytes).
    Removing stm32l0xx_hal_i2c.o(i.HAL_I2C_MemTxCpltCallback), (2 bytes).
    Removing stm32l0xx_hal_i2c.o(i.HAL_I2C_Mem_Read), (428 bytes).
    Removing stm32l0xx_hal_i2c.o(i.HAL_I2C_Mem_Read_DMA), (388 bytes).
    Removing stm32l0xx_hal_i2c.o(i.HAL_I2C_Mem_Read_IT), (228 bytes).
    Removing stm32l0xx_hal_i2c.o(i.HAL_I2C_Mem_Write), (420 bytes).
    Removing stm32l0xx_hal_i2c.o(i.HAL_I2C_Mem_Write_DMA), (380 bytes).
    Removing stm32l0xx_hal_i2c.o(i.HAL_I2C_Mem_Write_IT), (224 bytes).
    Removing stm32l0xx_hal_i2c.o(i.HAL_I2C_MspDeInit), (2 bytes).
    Removing stm32l0xx_hal_i2c.o(i.HAL_I2C_MspInit), (2 bytes).
    Removing stm32l0xx_hal_i2c.o(i.HAL_I2C_SlaveRxCpltCallback), (2 bytes).
    Removing stm32l0xx_hal_i2c.o(i.HAL_I2C_SlaveTxCpltCallback), (2 bytes).
    Removing stm32l0xx_hal_i2c.o(i.HAL_I2C_Slave_Receive), (390 bytes).
    Removing stm32l0xx_hal_i2c.o(i.HAL_I2C_Slave_Receive_DMA), (284 bytes).
    Removing stm32l0xx_hal_i2c.o(i.HAL_I2C_Slave_Receive_IT), (120 bytes).
    Removing stm32l0xx_hal_i2c.o(i.HAL_I2C_Slave_Seq_Receive_DMA), (468 bytes).
    Removing stm32l0xx_hal_i2c.o(i.HAL_I2C_Slave_Seq_Receive_IT), (240 bytes).
    Removing stm32l0xx_hal_i2c.o(i.HAL_I2C_Slave_Seq_Transmit_DMA), (468 bytes).
    Removing stm32l0xx_hal_i2c.o(i.HAL_I2C_Slave_Seq_Transmit_IT), (240 bytes).
    Removing stm32l0xx_hal_i2c.o(i.HAL_I2C_Slave_Transmit), (418 bytes).
    Removing stm32l0xx_hal_i2c.o(i.HAL_I2C_Slave_Transmit_DMA), (284 bytes).
    Removing stm32l0xx_hal_i2c.o(i.HAL_I2C_Slave_Transmit_IT), (120 bytes).
    Removing stm32l0xx_hal_i2c.o(i.I2C_ConvertOtherXferOptions), (30 bytes).
    Removing stm32l0xx_hal_i2c.o(i.I2C_DMAAbort), (38 bytes).
    Removing stm32l0xx_hal_i2c.o(i.I2C_DMAError), (30 bytes).
    Removing stm32l0xx_hal_i2c.o(i.I2C_DMAMasterReceiveCplt), (100 bytes).
    Removing stm32l0xx_hal_i2c.o(i.I2C_DMAMasterTransmitCplt), (100 bytes).
    Removing stm32l0xx_hal_i2c.o(i.I2C_DMASlaveReceiveCplt), (52 bytes).
    Removing stm32l0xx_hal_i2c.o(i.I2C_DMASlaveTransmitCplt), (42 bytes).
    Removing stm32l0xx_hal_i2c.o(i.I2C_Disable_IRQ), (116 bytes).
    Removing stm32l0xx_hal_i2c.o(i.I2C_Enable_IRQ), (136 bytes).
    Removing stm32l0xx_hal_i2c.o(i.I2C_Flush_TXDR), (50 bytes).
    Removing stm32l0xx_hal_i2c.o(i.I2C_ITAddrCplt), (208 bytes).
    Removing stm32l0xx_hal_i2c.o(i.I2C_ITError), (296 bytes).
    Removing stm32l0xx_hal_i2c.o(i.I2C_ITListenCplt), (120 bytes).
    Removing stm32l0xx_hal_i2c.o(i.I2C_ITMasterCplt), (308 bytes).
    Removing stm32l0xx_hal_i2c.o(i.I2C_ITMasterSeqCplt), (98 bytes).
    Removing stm32l0xx_hal_i2c.o(i.I2C_ITSlaveCplt), (408 bytes).
    Removing stm32l0xx_hal_i2c.o(i.I2C_ITSlaveSeqCplt), (156 bytes).
    Removing stm32l0xx_hal_i2c.o(i.I2C_IsAcknowledgeFailed), (160 bytes).
    Removing stm32l0xx_hal_i2c.o(i.I2C_Master_ISR_DMA), (392 bytes).
    Removing stm32l0xx_hal_i2c.o(i.I2C_Master_ISR_IT), (464 bytes).
    Removing stm32l0xx_hal_i2c.o(i.I2C_RequestMemoryRead), (128 bytes).
    Removing stm32l0xx_hal_i2c.o(i.I2C_RequestMemoryWrite), (128 bytes).
    Removing stm32l0xx_hal_i2c.o(i.I2C_Slave_ISR_DMA), (372 bytes).
    Removing stm32l0xx_hal_i2c.o(i.I2C_Slave_ISR_IT), (380 bytes).
    Removing stm32l0xx_hal_i2c.o(i.I2C_TransferConfig), (56 bytes).
    Removing stm32l0xx_hal_i2c.o(i.I2C_TreatErrorCallback), (62 bytes).
    Removing stm32l0xx_hal_i2c.o(i.I2C_WaitOnFlagUntilTimeout), (88 bytes).
    Removing stm32l0xx_hal_i2c.o(i.I2C_WaitOnRXNEFlagUntilTimeout), (176 bytes).
    Removing stm32l0xx_hal_i2c.o(i.I2C_WaitOnSTOPFlagUntilTimeout), (90 bytes).
    Removing stm32l0xx_hal_i2c.o(i.I2C_WaitOnTXISFlagUntilTimeout), (96 bytes).
    Removing stm32l0xx_hal_i2c_ex.o(.rev16_text), (4 bytes).
    Removing stm32l0xx_hal_i2c_ex.o(.revsh_text), (4 bytes).
    Removing stm32l0xx_hal_i2c_ex.o(i.HAL_I2CEx_ConfigAnalogFilter), (110 bytes).
    Removing stm32l0xx_hal_i2c_ex.o(i.HAL_I2CEx_ConfigDigitalFilter), (112 bytes).
    Removing stm32l0xx_hal_i2c_ex.o(i.HAL_I2CEx_DisableFastModePlus), (32 bytes).
    Removing stm32l0xx_hal_i2c_ex.o(i.HAL_I2CEx_DisableWakeUp), (100 bytes).
    Removing stm32l0xx_hal_i2c_ex.o(i.HAL_I2CEx_EnableFastModePlus), (32 bytes).
    Removing stm32l0xx_hal_i2c_ex.o(i.HAL_I2CEx_EnableWakeUp), (100 bytes).
    Removing stm32l0xx_hal_rcc.o(.rev16_text), (4 bytes).
    Removing stm32l0xx_hal_rcc.o(.revsh_text), (4 bytes).
    Removing stm32l0xx_hal_rcc.o(i.HAL_RCC_CSSCallback), (2 bytes).
    Removing stm32l0xx_hal_rcc.o(i.HAL_RCC_DeInit), (268 bytes).
    Removing stm32l0xx_hal_rcc.o(i.HAL_RCC_EnableCSS), (20 bytes).
    Removing stm32l0xx_hal_rcc.o(i.HAL_RCC_GetClockConfig), (68 bytes).
    Removing stm32l0xx_hal_rcc.o(i.HAL_RCC_GetHCLKFreq), (12 bytes).
    Removing stm32l0xx_hal_rcc.o(i.HAL_RCC_GetOscConfig), (268 bytes).
    Removing stm32l0xx_hal_rcc.o(i.HAL_RCC_GetPCLK1Freq), (36 bytes).
    Removing stm32l0xx_hal_rcc.o(i.HAL_RCC_GetPCLK2Freq), (36 bytes).
    Removing stm32l0xx_hal_rcc.o(i.HAL_RCC_MCOConfig), (160 bytes).
    Removing stm32l0xx_hal_rcc.o(i.HAL_RCC_NMI_IRQHandler), (36 bytes).
    Removing stm32l0xx_hal_rcc_ex.o(.rev16_text), (4 bytes).
    Removing stm32l0xx_hal_rcc_ex.o(.revsh_text), (4 bytes).
    Removing stm32l0xx_hal_rcc_ex.o(i.HAL_RCCEx_DisableLSECSS), (36 bytes).
    Removing stm32l0xx_hal_rcc_ex.o(i.HAL_RCCEx_EnableLSECSS), (20 bytes).
    Removing stm32l0xx_hal_rcc_ex.o(i.HAL_RCCEx_EnableLSECSS_IT), (68 bytes).
    Removing stm32l0xx_hal_rcc_ex.o(i.HAL_RCCEx_GetPeriphCLKConfig), (116 bytes).
    Removing stm32l0xx_hal_rcc_ex.o(i.HAL_RCCEx_GetPeriphCLKFreq), (676 bytes).
    Removing stm32l0xx_hal_rcc_ex.o(i.HAL_RCCEx_LSECSS_Callback), (2 bytes).
    Removing stm32l0xx_hal_rcc_ex.o(i.HAL_RCCEx_LSECSS_IRQHandler), (32 bytes).
    Removing stm32l0xx_hal_rcc_ex.o(i.HAL_RCCEx_PeriphCLKConfig), (556 bytes).
    Removing stm32l0xx_hal_flash_ramfunc.o(.rev16_text), (4 bytes).
    Removing stm32l0xx_hal_flash_ramfunc.o(.revsh_text), (4 bytes).
    Removing stm32l0xx_hal_flash_ramfunc.o(i.FLASHRAM_SetErrorCode), (240 bytes).
    Removing stm32l0xx_hal_flash_ramfunc.o(i.FLASHRAM_WaitForLastOperation), (152 bytes).
    Removing stm32l0xx_hal_flash_ramfunc.o(i.HAL_FLASHEx_DisableRunPowerDown), (44 bytes).
    Removing stm32l0xx_hal_flash_ramfunc.o(i.HAL_FLASHEx_EnableRunPowerDown), (44 bytes).
    Removing stm32l0xx_hal_flash_ramfunc.o(i.HAL_FLASHEx_GetError), (16 bytes).
    Removing stm32l0xx_hal_flash_ramfunc.o(i.HAL_FLASHEx_HalfPageProgram), (112 bytes).
    Removing stm32l0xx_hal_flash.o(.rev16_text), (4 bytes).
    Removing stm32l0xx_hal_flash.o(.revsh_text), (4 bytes).
    Removing stm32l0xx_hal_flash.o(i.FLASH_SetErrorCode), (240 bytes).
    Removing stm32l0xx_hal_flash.o(i.FLASH_WaitForLastOperation), (168 bytes).
    Removing stm32l0xx_hal_flash.o(i.HAL_FLASH_EndOfOperationCallback), (2 bytes).
    Removing stm32l0xx_hal_flash.o(i.HAL_FLASH_GetError), (12 bytes).
    Removing stm32l0xx_hal_flash.o(i.HAL_FLASH_IRQHandler), (336 bytes).
    Removing stm32l0xx_hal_flash.o(i.HAL_FLASH_Lock), (32 bytes).
    Removing stm32l0xx_hal_flash.o(i.HAL_FLASH_OB_Launch), (32 bytes).
    Removing stm32l0xx_hal_flash.o(i.HAL_FLASH_OB_Lock), (20 bytes).
    Removing stm32l0xx_hal_flash.o(i.HAL_FLASH_OB_Unlock), (92 bytes).
    Removing stm32l0xx_hal_flash.o(i.HAL_FLASH_OperationErrorCallback), (2 bytes).
    Removing stm32l0xx_hal_flash.o(i.HAL_FLASH_Program), (80 bytes).
    Removing stm32l0xx_hal_flash.o(i.HAL_FLASH_Program_IT), (76 bytes).
    Removing stm32l0xx_hal_flash.o(i.HAL_FLASH_Unlock), (140 bytes).
    Removing stm32l0xx_hal_flash.o(.bss), (24 bytes).
    Removing stm32l0xx_hal_flash_ex.o(.rev16_text), (4 bytes).
    Removing stm32l0xx_hal_flash_ex.o(.revsh_text), (4 bytes).
    Removing stm32l0xx_hal_flash_ex.o(i.FLASH_OB_BOOTBit1Config), (84 bytes).
    Removing stm32l0xx_hal_flash_ex.o(i.FLASH_OB_BORConfig), (84 bytes).
    Removing stm32l0xx_hal_flash_ex.o(i.FLASH_OB_GetBOOTBit1), (12 bytes).
    Removing stm32l0xx_hal_flash_ex.o(i.FLASH_OB_GetBOR), (20 bytes).
    Removing stm32l0xx_hal_flash_ex.o(i.FLASH_OB_GetRDP), (28 bytes).
    Removing stm32l0xx_hal_flash_ex.o(i.FLASH_OB_GetUser), (20 bytes).
    Removing stm32l0xx_hal_flash_ex.o(i.FLASH_OB_GetWRP), (12 bytes).
    Removing stm32l0xx_hal_flash_ex.o(i.FLASH_OB_ProtectedSectorsConfig), (112 bytes).
    Removing stm32l0xx_hal_flash_ex.o(i.FLASH_OB_RDPConfig), (96 bytes).
    Removing stm32l0xx_hal_flash_ex.o(i.FLASH_OB_UserConfig), (104 bytes).
    Removing stm32l0xx_hal_flash_ex.o(i.FLASH_PageErase), (52 bytes).
    Removing stm32l0xx_hal_flash_ex.o(i.HAL_FLASHEx_AdvOBGetConfig), (36 bytes).
    Removing stm32l0xx_hal_flash_ex.o(i.HAL_FLASHEx_AdvOBProgram), (28 bytes).
    Removing stm32l0xx_hal_flash_ex.o(i.HAL_FLASHEx_DATAEEPROM_DisableFixedTimeProgram), (20 bytes).
    Removing stm32l0xx_hal_flash_ex.o(i.HAL_FLASHEx_DATAEEPROM_EnableFixedTimeProgram), (20 bytes).
    Removing stm32l0xx_hal_flash_ex.o(i.HAL_FLASHEx_DATAEEPROM_Erase), (44 bytes).
    Removing stm32l0xx_hal_flash_ex.o(i.HAL_FLASHEx_DATAEEPROM_Lock), (20 bytes).
    Removing stm32l0xx_hal_flash_ex.o(i.HAL_FLASHEx_DATAEEPROM_Program), (108 bytes).
    Removing stm32l0xx_hal_flash_ex.o(i.HAL_FLASHEx_DATAEEPROM_Unlock), (76 bytes).
    Removing stm32l0xx_hal_flash_ex.o(i.HAL_FLASHEx_Erase), (140 bytes).
    Removing stm32l0xx_hal_flash_ex.o(i.HAL_FLASHEx_Erase_IT), (116 bytes).
    Removing stm32l0xx_hal_flash_ex.o(i.HAL_FLASHEx_OBGetConfig), (40 bytes).
    Removing stm32l0xx_hal_flash_ex.o(i.HAL_FLASHEx_OBProgram), (232 bytes).
    Removing stm32l0xx_hal_flash_ex.o(i.HAL_FLASHEx_OB_DeSelectPCROP), (80 bytes).
    Removing stm32l0xx_hal_flash_ex.o(i.HAL_FLASHEx_OB_SelectPCROP), (88 bytes).
    Removing stm32l0xx_hal_gpio.o(.rev16_text), (4 bytes).
    Removing stm32l0xx_hal_gpio.o(.revsh_text), (4 bytes).
    Removing stm32l0xx_hal_gpio.o(i.HAL_GPIO_DeInit), (280 bytes).
    Removing stm32l0xx_hal_gpio.o(i.HAL_GPIO_EXTI_Callback), (2 bytes).
    Removing stm32l0xx_hal_gpio.o(i.HAL_GPIO_EXTI_IRQHandler), (32 bytes).
    Removing stm32l0xx_hal_gpio.o(i.HAL_GPIO_LockPin), (50 bytes).
    Removing stm32l0xx_hal_dma.o(.rev16_text), (4 bytes).
    Removing stm32l0xx_hal_dma.o(.revsh_text), (4 bytes).
    Removing stm32l0xx_hal_dma.o(i.DMA_SetConfig), (46 bytes).
    Removing stm32l0xx_hal_dma.o(i.HAL_DMA_Abort), (88 bytes).
    Removing stm32l0xx_hal_dma.o(i.HAL_DMA_Abort_IT), (92 bytes).
    Removing stm32l0xx_hal_dma.o(i.HAL_DMA_DeInit), (124 bytes).
    Removing stm32l0xx_hal_dma.o(i.HAL_DMA_GetError), (6 bytes).
    Removing stm32l0xx_hal_dma.o(i.HAL_DMA_GetState), (8 bytes).
    Removing stm32l0xx_hal_dma.o(i.HAL_DMA_IRQHandler), (264 bytes).
    Removing stm32l0xx_hal_dma.o(i.HAL_DMA_Init), (168 bytes).
    Removing stm32l0xx_hal_dma.o(i.HAL_DMA_PollForTransfer), (256 bytes).
    Removing stm32l0xx_hal_dma.o(i.HAL_DMA_RegisterCallback), (92 bytes).
    Removing stm32l0xx_hal_dma.o(i.HAL_DMA_Start), (110 bytes).
    Removing stm32l0xx_hal_dma.o(i.HAL_DMA_Start_IT), (154 bytes).
    Removing stm32l0xx_hal_dma.o(i.HAL_DMA_UnRegisterCallback), (108 bytes).
    Removing stm32l0xx_hal_pwr.o(.rev16_text), (4 bytes).
    Removing stm32l0xx_hal_pwr.o(.revsh_text), (4 bytes).
    Removing stm32l0xx_hal_pwr.o(i.HAL_PWR_ConfigPVD), (176 bytes).
    Removing stm32l0xx_hal_pwr.o(i.HAL_PWR_DeInit), (32 bytes).
    Removing stm32l0xx_hal_pwr.o(i.HAL_PWR_DisableBkUpAccess), (20 bytes).
    Removing stm32l0xx_hal_pwr.o(i.HAL_PWR_DisablePVD), (20 bytes).
    Removing stm32l0xx_hal_pwr.o(i.HAL_PWR_DisableSEVOnPend), (20 bytes).
    Removing stm32l0xx_hal_pwr.o(i.HAL_PWR_DisableSleepOnExit), (20 bytes).
    Removing stm32l0xx_hal_pwr.o(i.HAL_PWR_DisableWakeUpPin), (16 bytes).
    Removing stm32l0xx_hal_pwr.o(i.HAL_PWR_EnableBkUpAccess), (20 bytes).
    Removing stm32l0xx_hal_pwr.o(i.HAL_PWR_EnablePVD), (20 bytes).
    Removing stm32l0xx_hal_pwr.o(i.HAL_PWR_EnableSEVOnPend), (20 bytes).
    Removing stm32l0xx_hal_pwr.o(i.HAL_PWR_EnableSleepOnExit), (20 bytes).
    Removing stm32l0xx_hal_pwr.o(i.HAL_PWR_EnableWakeUpPin), (16 bytes).
    Removing stm32l0xx_hal_pwr.o(i.HAL_PWR_EnterSLEEPMode), (64 bytes).
    Removing stm32l0xx_hal_pwr.o(i.HAL_PWR_EnterSTANDBYMode), (40 bytes).
    Removing stm32l0xx_hal_pwr.o(i.HAL_PWR_EnterSTOPMode), (72 bytes).
    Removing stm32l0xx_hal_pwr.o(i.HAL_PWR_PVDCallback), (2 bytes).
    Removing stm32l0xx_hal_pwr.o(i.HAL_PWR_PVD_IRQHandler), (36 bytes).
    Removing stm32l0xx_hal_pwr_ex.o(.rev16_text), (4 bytes).
    Removing stm32l0xx_hal_pwr_ex.o(.revsh_text), (4 bytes).
    Removing stm32l0xx_hal_pwr_ex.o(i.HAL_PWREx_DisableFastWakeUp), (20 bytes).
    Removing stm32l0xx_hal_pwr_ex.o(i.HAL_PWREx_DisableLowPowerRunMode), (96 bytes).
    Removing stm32l0xx_hal_pwr_ex.o(i.HAL_PWREx_DisableUltraLowPower), (20 bytes).
    Removing stm32l0xx_hal_pwr_ex.o(i.HAL_PWREx_EnableFastWakeUp), (20 bytes).
    Removing stm32l0xx_hal_pwr_ex.o(i.HAL_PWREx_EnableLowPowerRunMode), (32 bytes).
    Removing stm32l0xx_hal_pwr_ex.o(i.HAL_PWREx_EnableUltraLowPower), (20 bytes).
    Removing stm32l0xx_hal_pwr_ex.o(i.HAL_PWREx_GetVoltageRange), (16 bytes).
    Removing stm32l0xx_hal_cortex.o(.rev16_text), (4 bytes).
    Removing stm32l0xx_hal_cortex.o(.revsh_text), (4 bytes).
    Removing stm32l0xx_hal_cortex.o(i.HAL_MPU_ConfigRegion), (84 bytes).
    Removing stm32l0xx_hal_cortex.o(i.HAL_MPU_Disable), (28 bytes).
    Removing stm32l0xx_hal_cortex.o(i.HAL_MPU_Enable), (48 bytes).
    Removing stm32l0xx_hal_cortex.o(i.HAL_NVIC_ClearPendingIRQ), (24 bytes).
    Removing stm32l0xx_hal_cortex.o(i.HAL_NVIC_DisableIRQ), (24 bytes).
    Removing stm32l0xx_hal_cortex.o(i.HAL_NVIC_GetPendingIRQ), (40 bytes).
    Removing stm32l0xx_hal_cortex.o(i.HAL_NVIC_GetPriority), (72 bytes).
    Removing stm32l0xx_hal_cortex.o(i.HAL_NVIC_SetPendingIRQ), (24 bytes).
    Removing stm32l0xx_hal_cortex.o(i.HAL_NVIC_SystemReset), (56 bytes).
    Removing stm32l0xx_hal_cortex.o(i.HAL_SYSTICK_CLKSourceConfig), (36 bytes).
    Removing stm32l0xx_hal_cortex.o(i.HAL_SYSTICK_Callback), (2 bytes).
    Removing stm32l0xx_hal_cortex.o(i.HAL_SYSTICK_IRQHandler), (8 bytes).
    Removing system_stm32l0xx.o(.rev16_text), (4 bytes).
    Removing system_stm32l0xx.o(.revsh_text), (4 bytes).
    Removing system_stm32l0xx.o(i.SystemCoreClockUpdate), (276 bytes).
    Removing stm32l0xx_hal_tim.o(i.__ARM_common_switch8), (28 bytes).

368 unused section(s) (total 33836 bytes) removed from the image.

==============================================================================

Image Symbol Table

    Local Symbols

    Symbol Name                              Value     Ov Type        Size  Object(Section)

    ../Core/Src/main.c                       0x00000000   Number         0  main.o ABSOLUTE
    ../Core/Src/stm32l0xx_hal_msp.c          0x00000000   Number         0  stm32l0xx_hal_msp.o ABSOLUTE
    ../Core/Src/stm32l0xx_it.c               0x00000000   Number         0  stm32l0xx_it.o ABSOLUTE
    ../Core/Src/system_stm32l0xx.c           0x00000000   Number         0  system_stm32l0xx.o ABSOLUTE
    ../Drivers/STM32L0xx_HAL_Driver/Src/stm32l0xx_hal.c 0x00000000   Number         0  stm32l0xx_hal.o ABSOLUTE
    ../Drivers/STM32L0xx_HAL_Driver/Src/stm32l0xx_hal_cortex.c 0x00000000   Number         0  stm32l0xx_hal_cortex.o ABSOLUTE
    ../Drivers/STM32L0xx_HAL_Driver/Src/stm32l0xx_hal_dma.c 0x00000000   Number         0  stm32l0xx_hal_dma.o ABSOLUTE
    ../Drivers/STM32L0xx_HAL_Driver/Src/stm32l0xx_hal_flash.c 0x00000000   Number         0  stm32l0xx_hal_flash.o ABSOLUTE
    ../Drivers/STM32L0xx_HAL_Driver/Src/stm32l0xx_hal_flash_ex.c 0x00000000   Number         0  stm32l0xx_hal_flash_ex.o ABSOLUTE
    ../Drivers/STM32L0xx_HAL_Driver/Src/stm32l0xx_hal_flash_ramfunc.c 0x00000000   Number         0  stm32l0xx_hal_flash_ramfunc.o ABSOLUTE
    ../Drivers/STM32L0xx_HAL_Driver/Src/stm32l0xx_hal_gpio.c 0x00000000   Number         0  stm32l0xx_hal_gpio.o ABSOLUTE
    ../Drivers/STM32L0xx_HAL_Driver/Src/stm32l0xx_hal_i2c.c 0x00000000   Number         0  stm32l0xx_hal_i2c.o ABSOLUTE
    ../Drivers/STM32L0xx_HAL_Driver/Src/stm32l0xx_hal_i2c_ex.c 0x00000000   Number         0  stm32l0xx_hal_i2c_ex.o ABSOLUTE
    ../Drivers/STM32L0xx_HAL_Driver/Src/stm32l0xx_hal_pwr.c 0x00000000   Number         0  stm32l0xx_hal_pwr.o ABSOLUTE
    ../Drivers/STM32L0xx_HAL_Driver/Src/stm32l0xx_hal_pwr_ex.c 0x00000000   Number         0  stm32l0xx_hal_pwr_ex.o ABSOLUTE
    ../Drivers/STM32L0xx_HAL_Driver/Src/stm32l0xx_hal_rcc.c 0x00000000   Number         0  stm32l0xx_hal_rcc.o ABSOLUTE
    ../Drivers/STM32L0xx_HAL_Driver/Src/stm32l0xx_hal_rcc_ex.c 0x00000000   Number         0  stm32l0xx_hal_rcc_ex.o ABSOLUTE
    ../Drivers/STM32L0xx_HAL_Driver/Src/stm32l0xx_hal_tim.c 0x00000000   Number         0  stm32l0xx_hal_tim.o ABSOLUTE
    ../Drivers/STM32L0xx_HAL_Driver/Src/stm32l0xx_hal_tim_ex.c 0x00000000   Number         0  stm32l0xx_hal_tim_ex.o ABSOLUTE
    ../clib/microlib/division.c              0x00000000   Number         0  uidiv.o ABSOLUTE
    ../clib/microlib/init/entry.s            0x00000000   Number         0  entry7b.o ABSOLUTE
    ../clib/microlib/init/entry.s            0x00000000   Number         0  entry8a.o ABSOLUTE
    ../clib/microlib/init/entry.s            0x00000000   Number         0  entry11a.o ABSOLUTE
    ../clib/microlib/init/entry.s            0x00000000   Number         0  entry10b.o ABSOLUTE
    ../clib/microlib/init/entry.s            0x00000000   Number         0  entry9a.o ABSOLUTE
    ../clib/microlib/init/entry.s            0x00000000   Number         0  entry10a.o ABSOLUTE
    ../clib/microlib/init/entry.s            0x00000000   Number         0  entry9b.o ABSOLUTE
    ../clib/microlib/init/entry.s            0x00000000   Number         0  entry11b.o ABSOLUTE
    ../clib/microlib/init/entry.s            0x00000000   Number         0  entry7a.o ABSOLUTE
    ../clib/microlib/init/entry.s            0x00000000   Number         0  entry.o ABSOLUTE
    ../clib/microlib/init/entry.s            0x00000000   Number         0  entry8b.o ABSOLUTE
    ../clib/microlib/init/entry.s            0x00000000   Number         0  entry5.o ABSOLUTE
    ../clib/microlib/init/entry.s            0x00000000   Number         0  entry2.o ABSOLUTE
    ../clib/microlib/longlong.c              0x00000000   Number         0  llshl.o ABSOLUTE
    ../clib/microlib/longlong.c              0x00000000   Number         0  llushr.o ABSOLUTE
    ../clib/microlib/longlong.c              0x00000000   Number         0  llsshr.o ABSOLUTE
    ../clib/microlib/string/memset.c         0x00000000   Number         0  memseta.o ABSOLUTE
    ../clib/microlib/stubs.s                 0x00000000   Number         0  iusefp.o ABSOLUTE
    ../fplib/microlib/f2d.c                  0x00000000   Number         0  f2d.o ABSOLUTE
    ../fplib/microlib/fpadd.c                0x00000000   Number         0  dadd.o ABSOLUTE
    ../fplib/microlib/fpadd.c                0x00000000   Number         0  fadd.o ABSOLUTE
    ../fplib/microlib/fpdiv.c                0x00000000   Number         0  fdiv.o ABSOLUTE
    ../fplib/microlib/fpepilogue.c           0x00000000   Number         0  fepilogue.o ABSOLUTE
    ../fplib/microlib/fpepilogue.c           0x00000000   Number         0  depilogue.o ABSOLUTE
    ../fplib/microlib/fpfix.c                0x00000000   Number         0  dfixui.o ABSOLUTE
    ../fplib/microlib/fpmul.c                0x00000000   Number         0  fmul.o ABSOLUTE
    ../fplib/microlib/fprnd.c                0x00000000   Number         0  drnd.o ABSOLUTE
    ../mathlib/round.c                       0x00000000   Number         0  round.o ABSOLUTE
    ..\Core\Src\main.c                       0x00000000   Number         0  main.o ABSOLUTE
    ..\Core\Src\stm32l0xx_hal_msp.c          0x00000000   Number         0  stm32l0xx_hal_msp.o ABSOLUTE
    ..\Core\Src\stm32l0xx_it.c               0x00000000   Number         0  stm32l0xx_it.o ABSOLUTE
    ..\Core\Src\system_stm32l0xx.c           0x00000000   Number         0  system_stm32l0xx.o ABSOLUTE
    ..\Drivers\STM32L0xx_HAL_Driver\Src\stm32l0xx_hal.c 0x00000000   Number         0  stm32l0xx_hal.o ABSOLUTE
    ..\Drivers\STM32L0xx_HAL_Driver\Src\stm32l0xx_hal_cortex.c 0x00000000   Number         0  stm32l0xx_hal_cortex.o ABSOLUTE
    ..\Drivers\STM32L0xx_HAL_Driver\Src\stm32l0xx_hal_dma.c 0x00000000   Number         0  stm32l0xx_hal_dma.o ABSOLUTE
    ..\Drivers\STM32L0xx_HAL_Driver\Src\stm32l0xx_hal_flash.c 0x00000000   Number         0  stm32l0xx_hal_flash.o ABSOLUTE
    ..\Drivers\STM32L0xx_HAL_Driver\Src\stm32l0xx_hal_flash_ex.c 0x00000000   Number         0  stm32l0xx_hal_flash_ex.o ABSOLUTE
    ..\Drivers\STM32L0xx_HAL_Driver\Src\stm32l0xx_hal_flash_ramfunc.c 0x00000000   Number         0  stm32l0xx_hal_flash_ramfunc.o ABSOLUTE
    ..\Drivers\STM32L0xx_HAL_Driver\Src\stm32l0xx_hal_gpio.c 0x00000000   Number         0  stm32l0xx_hal_gpio.o ABSOLUTE
    ..\Drivers\STM32L0xx_HAL_Driver\Src\stm32l0xx_hal_i2c.c 0x00000000   Number         0  stm32l0xx_hal_i2c.o ABSOLUTE
    ..\Drivers\STM32L0xx_HAL_Driver\Src\stm32l0xx_hal_i2c_ex.c 0x00000000   Number         0  stm32l0xx_hal_i2c_ex.o ABSOLUTE
    ..\Drivers\STM32L0xx_HAL_Driver\Src\stm32l0xx_hal_pwr.c 0x00000000   Number         0  stm32l0xx_hal_pwr.o ABSOLUTE
    ..\Drivers\STM32L0xx_HAL_Driver\Src\stm32l0xx_hal_pwr_ex.c 0x00000000   Number         0  stm32l0xx_hal_pwr_ex.o ABSOLUTE
    ..\Drivers\STM32L0xx_HAL_Driver\Src\stm32l0xx_hal_rcc.c 0x00000000   Number         0  stm32l0xx_hal_rcc.o ABSOLUTE
    ..\Drivers\STM32L0xx_HAL_Driver\Src\stm32l0xx_hal_rcc_ex.c 0x00000000   Number         0  stm32l0xx_hal_rcc_ex.o ABSOLUTE
    ..\Drivers\STM32L0xx_HAL_Driver\Src\stm32l0xx_hal_tim.c 0x00000000   Number         0  stm32l0xx_hal_tim.o ABSOLUTE
    ..\Drivers\STM32L0xx_HAL_Driver\Src\stm32l0xx_hal_tim_ex.c 0x00000000   Number         0  stm32l0xx_hal_tim_ex.o ABSOLUTE
    User\Src\user_dac.c                      0x00000000   Number         0  user_dac.o ABSOLUTE
    User\\Src\\user_dac.c                    0x00000000   Number         0  user_dac.o ABSOLUTE
    cdcmple.s                                0x00000000   Number         0  cdcmple.o ABSOLUTE
    cdrcmple.s                               0x00000000   Number         0  cdrcmple.o ABSOLUTE
    cfcmple.s                                0x00000000   Number         0  cfcmple.o ABSOLUTE
    cfrcmple.s                               0x00000000   Number         0  cfrcmple.o ABSOLUTE
    dc.s                                     0x00000000   Number         0  dc.o ABSOLUTE
    handlers.s                               0x00000000   Number         0  handlers.o ABSOLUTE
    init.s                                   0x00000000   Number         0  init.o ABSOLUTE
    startup_stm32l051xx.s                    0x00000000   Number         0  startup_stm32l051xx.o ABSOLUTE
    RESET                                    0x08000000   Section      192  startup_stm32l051xx.o(RESET)
    .ARM.Collect$$$$00000000                 0x080000c0   Section        0  entry.o(.ARM.Collect$$$$00000000)
    .ARM.Collect$$$$00000001                 0x080000c0   Section        4  entry2.o(.ARM.Collect$$$$00000001)
    .ARM.Collect$$$$00000004                 0x080000c4   Section        4  entry5.o(.ARM.Collect$$$$00000004)
    .ARM.Collect$$$$00000008                 0x080000c8   Section        0  entry7b.o(.ARM.Collect$$$$00000008)
    .ARM.Collect$$$$0000000A                 0x080000c8   Section        0  entry8b.o(.ARM.Collect$$$$0000000A)
    .ARM.Collect$$$$0000000B                 0x080000c8   Section        8  entry9a.o(.ARM.Collect$$$$0000000B)
    .ARM.Collect$$$$0000000D                 0x080000d0   Section        0  entry10a.o(.ARM.Collect$$$$0000000D)
    .ARM.Collect$$$$0000000F                 0x080000d0   Section        0  entry11a.o(.ARM.Collect$$$$0000000F)
    .ARM.Collect$$$$00002712                 0x080000d0   Section        4  entry2.o(.ARM.Collect$$$$00002712)
    __lit__00000000                          0x080000d0   Data           4  entry2.o(.ARM.Collect$$$$00002712)
    .text                                    0x080000d4   Section       28  startup_stm32l051xx.o(.text)
    .text                                    0x080000f0   Section        0  uidiv.o(.text)
    .text                                    0x0800011c   Section        0  memseta.o(.text)
    .text                                    0x08000140   Section        0  fadd.o(.text)
    .text                                    0x080001f2   Section        0  fmul.o(.text)
    .text                                    0x0800026c   Section        0  fdiv.o(.text)
    .text                                    0x080002e8   Section        0  dfixui.o(.text)
    .text                                    0x08000324   Section        0  f2d.o(.text)
    .text                                    0x0800034c   Section       20  cfcmple.o(.text)
    .text                                    0x08000360   Section       20  cfrcmple.o(.text)
    .text                                    0x08000374   Section        0  llushr.o(.text)
    .text                                    0x08000396   Section        0  iusefp.o(.text)
    .text                                    0x08000396   Section        0  fepilogue.o(.text)
    .text                                    0x08000418   Section        0  dadd.o(.text)
    .text                                    0x0800057c   Section        0  drnd.o(.text)
    .text                                    0x080005f8   Section       40  cdcmple.o(.text)
    .text                                    0x08000620   Section       40  cdrcmple.o(.text)
    .text                                    0x08000648   Section       36  init.o(.text)
    .text                                    0x0800066c   Section        0  llshl.o(.text)
    .text                                    0x0800068c   Section        0  llsshr.o(.text)
    .text                                    0x080006b2   Section        0  depilogue.o(.text)
    i.Error_Handler                          0x08000770   Section        0  main.o(i.Error_Handler)
    i.HAL_Delay                              0x08000774   Section        0  stm32l0xx_hal.o(i.HAL_Delay)
    i.HAL_GPIO_Init                          0x080007a0   Section        0  stm32l0xx_hal_gpio.o(i.HAL_GPIO_Init)
    i.HAL_GPIO_ReadPin                       0x0800098c   Section        0  stm32l0xx_hal_gpio.o(i.HAL_GPIO_ReadPin)
    i.HAL_GPIO_TogglePin                     0x0800099e   Section        0  stm32l0xx_hal_gpio.o(i.HAL_GPIO_TogglePin)
    i.HAL_GPIO_WritePin                      0x080009b2   Section        0  stm32l0xx_hal_gpio.o(i.HAL_GPIO_WritePin)
    i.HAL_GetTick                            0x080009c0   Section        0  stm32l0xx_hal.o(i.HAL_GetTick)
    i.HAL_IncTick                            0x080009cc   Section        0  stm32l0xx_hal.o(i.HAL_IncTick)
    i.HAL_Init                               0x080009e4   Section        0  stm32l0xx_hal.o(i.HAL_Init)
    i.HAL_InitTick                           0x08000a10   Section        0  stm32l0xx_hal.o(i.HAL_InitTick)
    i.HAL_MspInit                            0x08000a64   Section        0  stm32l0xx_hal_msp.o(i.HAL_MspInit)
    i.HAL_NVIC_EnableIRQ                     0x08000a84   Section        0  stm32l0xx_hal_cortex.o(i.HAL_NVIC_EnableIRQ)
    i.HAL_NVIC_SetPriority                   0x08000a9c   Section        0  stm32l0xx_hal_cortex.o(i.HAL_NVIC_SetPriority)
    i.HAL_RCC_ClockConfig                    0x08000ab0   Section        0  stm32l0xx_hal_rcc.o(i.HAL_RCC_ClockConfig)
    i.HAL_RCC_GetSysClockFreq                0x08000cb8   Section        0  stm32l0xx_hal_rcc.o(i.HAL_RCC_GetSysClockFreq)
    i.HAL_RCC_OscConfig                      0x08000d88   Section        0  stm32l0xx_hal_rcc.o(i.HAL_RCC_OscConfig)
    i.HAL_SYSTICK_Config                     0x080013ac   Section        0  stm32l0xx_hal_cortex.o(i.HAL_SYSTICK_Config)
    i.HAL_TIMEx_MasterConfigSynchronization  0x080013e4   Section        0  stm32l0xx_hal_tim_ex.o(i.HAL_TIMEx_MasterConfigSynchronization)
    i.HAL_TIM_Base_Init                      0x08001440   Section        0  stm32l0xx_hal_tim.o(i.HAL_TIM_Base_Init)
    i.HAL_TIM_Base_MspInit                   0x08001478   Section        0  stm32l0xx_hal_msp.o(i.HAL_TIM_Base_MspInit)
    i.HAL_TIM_Base_Start_IT                  0x080014a8   Section        0  stm32l0xx_hal_tim.o(i.HAL_TIM_Base_Start_IT)
    i.HAL_TIM_ConfigClockSource              0x080014d2   Section        0  stm32l0xx_hal_tim.o(i.HAL_TIM_ConfigClockSource)
    i.HAL_TIM_IC_CaptureCallback             0x080015e2   Section        0  stm32l0xx_hal_tim.o(i.HAL_TIM_IC_CaptureCallback)
    i.HAL_TIM_IRQHandler                     0x080015e4   Section        0  stm32l0xx_hal_tim.o(i.HAL_TIM_IRQHandler)
    i.HAL_TIM_OC_DelayElapsedCallback        0x08001760   Section        0  stm32l0xx_hal_tim.o(i.HAL_TIM_OC_DelayElapsedCallback)
    i.HAL_TIM_PWM_ConfigChannel              0x08001762   Section        0  stm32l0xx_hal_tim.o(i.HAL_TIM_PWM_ConfigChannel)
    i.HAL_TIM_PWM_Init                       0x08001874   Section        0  stm32l0xx_hal_tim.o(i.HAL_TIM_PWM_Init)
    i.HAL_TIM_PWM_MspInit                    0x080018ac   Section        0  stm32l0xx_hal_tim.o(i.HAL_TIM_PWM_MspInit)
    i.HAL_TIM_PWM_PulseFinishedCallback      0x080018ae   Section        0  stm32l0xx_hal_tim.o(i.HAL_TIM_PWM_PulseFinishedCallback)
    i.HAL_TIM_PeriodElapsedCallback          0x080018b0   Section        0  user_dac.o(i.HAL_TIM_PeriodElapsedCallback)
    i.HAL_TIM_TriggerCallback                0x080019dc   Section        0  stm32l0xx_hal_tim.o(i.HAL_TIM_TriggerCallback)
    i.HardFault_Handler                      0x080019de   Section        0  stm32l0xx_it.o(i.HardFault_Handler)
    i.MX_GPIO_Init                           0x080019e4   Section        0  main.o(i.MX_GPIO_Init)
    MX_GPIO_Init                             0x080019e5   Thumb Code   300  main.o(i.MX_GPIO_Init)
    i.MX_TIM2_Init                           0x08001b1c   Section        0  main.o(i.MX_TIM2_Init)
    MX_TIM2_Init                             0x08001b1d   Thumb Code   160  main.o(i.MX_TIM2_Init)
    i.NMI_Handler                            0x08001bc4   Section        0  stm32l0xx_it.o(i.NMI_Handler)
    i.NVIC_SetPriority                       0x08001bc8   Section        0  stm32l0xx_hal_cortex.o(i.NVIC_SetPriority)
    NVIC_SetPriority                         0x08001bc9   Thumb Code   110  stm32l0xx_hal_cortex.o(i.NVIC_SetPriority)
    i.PendSV_Handler                         0x08001c40   Section        0  stm32l0xx_it.o(i.PendSV_Handler)
    i.SVC_Handler                            0x08001c42   Section        0  stm32l0xx_it.o(i.SVC_Handler)
    i.SysTick_Handler                        0x08001c44   Section        0  stm32l0xx_it.o(i.SysTick_Handler)
    i.SystemClock_Config                     0x08001c4c   Section        0  main.o(i.SystemClock_Config)
    i.SystemInit                             0x08001cc8   Section        0  system_stm32l0xx.o(i.SystemInit)
    i.TIM2_IRQHandler                        0x08001d30   Section        0  stm32l0xx_it.o(i.TIM2_IRQHandler)
    i.TIM_Base_SetConfig                     0x08001d40   Section        0  stm32l0xx_hal_tim.o(i.TIM_Base_SetConfig)
    TIM_Base_SetConfig                       0x08001d41   Thumb Code    98  stm32l0xx_hal_tim.o(i.TIM_Base_SetConfig)
    i.TIM_ETR_SetConfig                      0x08001dac   Section        0  stm32l0xx_hal_tim.o(i.TIM_ETR_SetConfig)
    TIM_ETR_SetConfig                        0x08001dad   Thumb Code    28  stm32l0xx_hal_tim.o(i.TIM_ETR_SetConfig)
    i.TIM_ITRx_SetConfig                     0x08001dc8   Section        0  stm32l0xx_hal_tim.o(i.TIM_ITRx_SetConfig)
    TIM_ITRx_SetConfig                       0x08001dc9   Thumb Code    24  stm32l0xx_hal_tim.o(i.TIM_ITRx_SetConfig)
    i.TIM_OC1_SetConfig                      0x08001de0   Section        0  stm32l0xx_hal_tim.o(i.TIM_OC1_SetConfig)
    TIM_OC1_SetConfig                        0x08001de1   Thumb Code    56  stm32l0xx_hal_tim.o(i.TIM_OC1_SetConfig)
    i.TIM_OC2_SetConfig                      0x08001e18   Section        0  stm32l0xx_hal_tim.o(i.TIM_OC2_SetConfig)
    TIM_OC2_SetConfig                        0x08001e19   Thumb Code    68  stm32l0xx_hal_tim.o(i.TIM_OC2_SetConfig)
    i.TIM_OC3_SetConfig                      0x08001e5c   Section        0  stm32l0xx_hal_tim.o(i.TIM_OC3_SetConfig)
    TIM_OC3_SetConfig                        0x08001e5d   Thumb Code    62  stm32l0xx_hal_tim.o(i.TIM_OC3_SetConfig)
    i.TIM_OC4_SetConfig                      0x08001e9a   Section        0  stm32l0xx_hal_tim.o(i.TIM_OC4_SetConfig)
    TIM_OC4_SetConfig                        0x08001e9b   Thumb Code    72  stm32l0xx_hal_tim.o(i.TIM_OC4_SetConfig)
    i.TIM_TI1_ConfigInputStage               0x08001ee2   Section        0  stm32l0xx_hal_tim.o(i.TIM_TI1_ConfigInputStage)
    TIM_TI1_ConfigInputStage                 0x08001ee3   Thumb Code    50  stm32l0xx_hal_tim.o(i.TIM_TI1_ConfigInputStage)
    i.TIM_TI2_ConfigInputStage               0x08001f14   Section        0  stm32l0xx_hal_tim.o(i.TIM_TI2_ConfigInputStage)
    TIM_TI2_ConfigInputStage                 0x08001f15   Thumb Code    50  stm32l0xx_hal_tim.o(i.TIM_TI2_ConfigInputStage)
    i.__ARM_clz                              0x08001f46   Section        0  depilogue.o(i.__ARM_clz)
    i.__scatterload_copy                     0x08001f74   Section       14  handlers.o(i.__scatterload_copy)
    i.__scatterload_null                     0x08001f82   Section        2  handlers.o(i.__scatterload_null)
    i.__scatterload_zeroinit                 0x08001f84   Section       14  handlers.o(i.__scatterload_zeroinit)
    i.main                                   0x08001f94   Section        0  main.o(i.main)
    i.round                                  0x08001fc0   Section        0  round.o(i.round)
    i.user_dacSend                           0x0800205c   Section        0  user_dac.o(i.user_dacSend)
    i.user_dacSetVol                         0x08002100   Section        0  user_dac.o(i.user_dacSetVol)
    i.user_dacTest                           0x080021a4   Section        0  user_dac.o(i.user_dacTest)
    i.user_delay                             0x080021b8   Section        0  user_dac.o(i.user_delay)
    .constdata                               0x080021c6   Section       33  system_stm32l0xx.o(.constdata)
    .data                                    0x20000000   Section       31  user_dac.o(.data)
    cnt_sw                                   0x20000018   Data           2  user_dac.o(.data)
    i                                        0x2000001a   Data           1  user_dac.o(.data)
    pnCode                                   0x2000001c   Data           2  user_dac.o(.data)
    cntCode                                  0x2000001e   Data           1  user_dac.o(.data)
    .data                                    0x20000020   Section        9  stm32l0xx_hal.o(.data)
    .data                                    0x2000002c   Section        4  system_stm32l0xx.o(.data)
    .bss                                     0x20000030   Section       60  main.o(.bss)
    STACK                                    0x20000070   Section     1024  startup_stm32l051xx.o(STACK)

    Global Symbols

    Symbol Name                              Value     Ov Type        Size  Object(Section)

    BuildAttributes$$THM_ISAv3M$S$PE$A:L22$X:L11$S22$IEEE1$IW$USESV6$~STKCKD$USESV7$~SHL$OTIME$ROPI$IEEEJ$EBA8$MICROLIB$REQ8$PRES8$EABIv2 0x00000000   Number         0  anon$$obj.o ABSOLUTE
    __ARM_use_no_argv                        0x00000000   Number         0  main.o ABSOLUTE
    __cpp_initialize__aeabi_                  - Undefined Weak Reference
    __cxa_finalize                            - Undefined Weak Reference
    __decompress                              - Undefined Weak Reference
    _clock_init                               - Undefined Weak Reference
    _microlib_exit                            - Undefined Weak Reference
    __Vectors_Size                           0x000000c0   Number         0  startup_stm32l051xx.o ABSOLUTE
    __Vectors                                0x08000000   Data           4  startup_stm32l051xx.o(RESET)
    __Vectors_End                            0x080000c0   Data           0  startup_stm32l051xx.o(RESET)
    __main                                   0x080000c1   Thumb Code     0  entry.o(.ARM.Collect$$$$00000000)
    _main_stk                                0x080000c1   Thumb Code     0  entry2.o(.ARM.Collect$$$$00000001)
    _main_scatterload                        0x080000c5   Thumb Code     0  entry5.o(.ARM.Collect$$$$00000004)
    __main_after_scatterload                 0x080000c9   Thumb Code     0  entry5.o(.ARM.Collect$$$$00000004)
    _main_clock                              0x080000c9   Thumb Code     0  entry7b.o(.ARM.Collect$$$$00000008)
    _main_cpp_init                           0x080000c9   Thumb Code     0  entry8b.o(.ARM.Collect$$$$0000000A)
    _main_init                               0x080000c9   Thumb Code     0  entry9a.o(.ARM.Collect$$$$0000000B)
    __rt_final_cpp                           0x080000d1   Thumb Code     0  entry10a.o(.ARM.Collect$$$$0000000D)
    __rt_final_exit                          0x080000d1   Thumb Code     0  entry11a.o(.ARM.Collect$$$$0000000F)
    Reset_Handler                            0x080000d5   Thumb Code     8  startup_stm32l051xx.o(.text)
    ADC1_COMP_IRQHandler                     0x080000e7   Thumb Code     0  startup_stm32l051xx.o(.text)
    DMA1_Channel1_IRQHandler                 0x080000e7   Thumb Code     0  startup_stm32l051xx.o(.text)
    DMA1_Channel2_3_IRQHandler               0x080000e7   Thumb Code     0  startup_stm32l051xx.o(.text)
    DMA1_Channel4_5_6_7_IRQHandler           0x080000e7   Thumb Code     0  startup_stm32l051xx.o(.text)
    EXTI0_1_IRQHandler                       0x080000e7   Thumb Code     0  startup_stm32l051xx.o(.text)
    EXTI2_3_IRQHandler                       0x080000e7   Thumb Code     0  startup_stm32l051xx.o(.text)
    EXTI4_15_IRQHandler                      0x080000e7   Thumb Code     0  startup_stm32l051xx.o(.text)
    FLASH_IRQHandler                         0x080000e7   Thumb Code     0  startup_stm32l051xx.o(.text)
    I2C1_IRQHandler                          0x080000e7   Thumb Code     0  startup_stm32l051xx.o(.text)
    I2C2_IRQHandler                          0x080000e7   Thumb Code     0  startup_stm32l051xx.o(.text)
    LPTIM1_IRQHandler                        0x080000e7   Thumb Code     0  startup_stm32l051xx.o(.text)
    LPUART1_IRQHandler                       0x080000e7   Thumb Code     0  startup_stm32l051xx.o(.text)
    PVD_IRQHandler                           0x080000e7   Thumb Code     0  startup_stm32l051xx.o(.text)
    RCC_IRQHandler                           0x080000e7   Thumb Code     0  startup_stm32l051xx.o(.text)
    RTC_IRQHandler                           0x080000e7   Thumb Code     0  startup_stm32l051xx.o(.text)
    SPI1_IRQHandler                          0x080000e7   Thumb Code     0  startup_stm32l051xx.o(.text)
    SPI2_IRQHandler                          0x080000e7   Thumb Code     0  startup_stm32l051xx.o(.text)
    TIM21_IRQHandler                         0x080000e7   Thumb Code     0  startup_stm32l051xx.o(.text)
    TIM22_IRQHandler                         0x080000e7   Thumb Code     0  startup_stm32l051xx.o(.text)
    TIM6_IRQHandler                          0x080000e7   Thumb Code     0  startup_stm32l051xx.o(.text)
    USART1_IRQHandler                        0x080000e7   Thumb Code     0  startup_stm32l051xx.o(.text)
    USART2_IRQHandler                        0x080000e7   Thumb Code     0  startup_stm32l051xx.o(.text)
    WWDG_IRQHandler                          0x080000e7   Thumb Code     0  startup_stm32l051xx.o(.text)
    __aeabi_uidiv                            0x080000f1   Thumb Code     0  uidiv.o(.text)
    __aeabi_uidivmod                         0x080000f1   Thumb Code    44  uidiv.o(.text)
    __aeabi_memset                           0x0800011d   Thumb Code    14  memseta.o(.text)
    __aeabi_memset4                          0x0800011d   Thumb Code     0  memseta.o(.text)
    __aeabi_memset8                          0x0800011d   Thumb Code     0  memseta.o(.text)
    __aeabi_memclr                           0x0800012b   Thumb Code     4  memseta.o(.text)
    __aeabi_memclr4                          0x0800012b   Thumb Code     0  memseta.o(.text)
    __aeabi_memclr8                          0x0800012b   Thumb Code     0  memseta.o(.text)
    _memset$wrapper                          0x0800012f   Thumb Code    18  memseta.o(.text)
    __aeabi_fadd                             0x08000141   Thumb Code   162  fadd.o(.text)
    __aeabi_fsub                             0x080001e3   Thumb Code     8  fadd.o(.text)
    __aeabi_frsub                            0x080001eb   Thumb Code     8  fadd.o(.text)
    __aeabi_fmul                             0x080001f3   Thumb Code   122  fmul.o(.text)
    __aeabi_fdiv                             0x0800026d   Thumb Code   124  fdiv.o(.text)
    __aeabi_d2uiz                            0x080002e9   Thumb Code    50  dfixui.o(.text)
    __aeabi_f2d                              0x08000325   Thumb Code    40  f2d.o(.text)
    __aeabi_cfcmpeq                          0x0800034d   Thumb Code     0  cfcmple.o(.text)
    __aeabi_cfcmple                          0x0800034d   Thumb Code    20  cfcmple.o(.text)
    __aeabi_cfrcmple                         0x08000361   Thumb Code    20  cfrcmple.o(.text)
    __aeabi_llsr                             0x08000375   Thumb Code    34  llushr.o(.text)
    _ll_ushift_r                             0x08000375   Thumb Code     0  llushr.o(.text)
    __I$use$fp                               0x08000397   Thumb Code     0  iusefp.o(.text)
    _float_round                             0x08000397   Thumb Code    16  fepilogue.o(.text)
    _float_epilogue                          0x080003a7   Thumb Code   114  fepilogue.o(.text)
    __aeabi_dadd                             0x08000419   Thumb Code   328  dadd.o(.text)
    __aeabi_dsub                             0x08000561   Thumb Code    12  dadd.o(.text)
    __aeabi_drsub                            0x0800056d   Thumb Code    12  dadd.o(.text)
    _drnd                                    0x0800057d   Thumb Code   114  drnd.o(.text)
    __aeabi_cdcmpeq                          0x080005f9   Thumb Code     0  cdcmple.o(.text)
    __aeabi_cdcmple                          0x080005f9   Thumb Code    38  cdcmple.o(.text)
    __aeabi_cdrcmple                         0x08000621   Thumb Code    38  cdrcmple.o(.text)
    __scatterload                            0x08000649   Thumb Code    28  init.o(.text)
    __scatterload_rt2                        0x08000649   Thumb Code     0  init.o(.text)
    __aeabi_llsl                             0x0800066d   Thumb Code    32  llshl.o(.text)
    _ll_shift_l                              0x0800066d   Thumb Code     0  llshl.o(.text)
    __aeabi_lasr                             0x0800068d   Thumb Code    38  llsshr.o(.text)
    _ll_sshift_r                             0x0800068d   Thumb Code     0  llsshr.o(.text)
    _double_round                            0x080006b3   Thumb Code    26  depilogue.o(.text)
    _double_epilogue                         0x080006cd   Thumb Code   164  depilogue.o(.text)
    Error_Handler                            0x08000771   Thumb Code     2  main.o(i.Error_Handler)
    HAL_Delay                                0x08000775   Thumb Code    38  stm32l0xx_hal.o(i.HAL_Delay)
    HAL_GPIO_Init                            0x080007a1   Thumb Code   462  stm32l0xx_hal_gpio.o(i.HAL_GPIO_Init)
    HAL_GPIO_ReadPin                         0x0800098d   Thumb Code    18  stm32l0xx_hal_gpio.o(i.HAL_GPIO_ReadPin)
    HAL_GPIO_TogglePin                       0x0800099f   Thumb Code    20  stm32l0xx_hal_gpio.o(i.HAL_GPIO_TogglePin)
    HAL_GPIO_WritePin                        0x080009b3   Thumb Code    12  stm32l0xx_hal_gpio.o(i.HAL_GPIO_WritePin)
    HAL_GetTick                              0x080009c1   Thumb Code     6  stm32l0xx_hal.o(i.HAL_GetTick)
    HAL_IncTick                              0x080009cd   Thumb Code    16  stm32l0xx_hal.o(i.HAL_IncTick)
    HAL_Init                                 0x080009e5   Thumb Code    38  stm32l0xx_hal.o(i.HAL_Init)
    HAL_InitTick                             0x08000a11   Thumb Code    70  stm32l0xx_hal.o(i.HAL_InitTick)
    HAL_MspInit                              0x08000a65   Thumb Code    26  stm32l0xx_hal_msp.o(i.HAL_MspInit)
    HAL_NVIC_EnableIRQ                       0x08000a85   Thumb Code    18  stm32l0xx_hal_cortex.o(i.HAL_NVIC_EnableIRQ)
    HAL_NVIC_SetPriority                     0x08000a9d   Thumb Code    18  stm32l0xx_hal_cortex.o(i.HAL_NVIC_SetPriority)
    HAL_RCC_ClockConfig                      0x08000ab1   Thumb Code   498  stm32l0xx_hal_rcc.o(i.HAL_RCC_ClockConfig)
    HAL_RCC_GetSysClockFreq                  0x08000cb9   Thumb Code   186  stm32l0xx_hal_rcc.o(i.HAL_RCC_GetSysClockFreq)
    HAL_RCC_OscConfig                        0x08000d89   Thumb Code  1558  stm32l0xx_hal_rcc.o(i.HAL_RCC_OscConfig)
    HAL_SYSTICK_Config                       0x080013ad   Thumb Code    46  stm32l0xx_hal_cortex.o(i.HAL_SYSTICK_Config)
    HAL_TIMEx_MasterConfigSynchronization    0x080013e5   Thumb Code    92  stm32l0xx_hal_tim_ex.o(i.HAL_TIMEx_MasterConfigSynchronization)
    HAL_TIM_Base_Init                        0x08001441   Thumb Code    56  stm32l0xx_hal_tim.o(i.HAL_TIM_Base_Init)
    HAL_TIM_Base_MspInit                     0x08001479   Thumb Code    44  stm32l0xx_hal_msp.o(i.HAL_TIM_Base_MspInit)
    HAL_TIM_Base_Start_IT                    0x080014a9   Thumb Code    42  stm32l0xx_hal_tim.o(i.HAL_TIM_Base_Start_IT)
    HAL_TIM_ConfigClockSource                0x080014d3   Thumb Code   272  stm32l0xx_hal_tim.o(i.HAL_TIM_ConfigClockSource)
    HAL_TIM_IC_CaptureCallback               0x080015e3   Thumb Code     2  stm32l0xx_hal_tim.o(i.HAL_TIM_IC_CaptureCallback)
    HAL_TIM_IRQHandler                       0x080015e5   Thumb Code   380  stm32l0xx_hal_tim.o(i.HAL_TIM_IRQHandler)
    HAL_TIM_OC_DelayElapsedCallback          0x08001761   Thumb Code     2  stm32l0xx_hal_tim.o(i.HAL_TIM_OC_DelayElapsedCallback)
    HAL_TIM_PWM_ConfigChannel                0x08001763   Thumb Code   274  stm32l0xx_hal_tim.o(i.HAL_TIM_PWM_ConfigChannel)
    HAL_TIM_PWM_Init                         0x08001875   Thumb Code    56  stm32l0xx_hal_tim.o(i.HAL_TIM_PWM_Init)
    HAL_TIM_PWM_MspInit                      0x080018ad   Thumb Code     2  stm32l0xx_hal_tim.o(i.HAL_TIM_PWM_MspInit)
    HAL_TIM_PWM_PulseFinishedCallback        0x080018af   Thumb Code     2  stm32l0xx_hal_tim.o(i.HAL_TIM_PWM_PulseFinishedCallback)
    HAL_TIM_PeriodElapsedCallback            0x080018b1   Thumb Code   270  user_dac.o(i.HAL_TIM_PeriodElapsedCallback)
    HAL_TIM_TriggerCallback                  0x080019dd   Thumb Code     2  stm32l0xx_hal_tim.o(i.HAL_TIM_TriggerCallback)
    HardFault_Handler                        0x080019df   Thumb Code     4  stm32l0xx_it.o(i.HardFault_Handler)
    NMI_Handler                              0x08001bc5   Thumb Code     2  stm32l0xx_it.o(i.NMI_Handler)
    PendSV_Handler                           0x08001c41   Thumb Code     2  stm32l0xx_it.o(i.PendSV_Handler)
    SVC_Handler                              0x08001c43   Thumb Code     2  stm32l0xx_it.o(i.SVC_Handler)
    SysTick_Handler                          0x08001c45   Thumb Code     8  stm32l0xx_it.o(i.SysTick_Handler)
    SystemClock_Config                       0x08001c4d   Thumb Code   118  main.o(i.SystemClock_Config)
    SystemInit                               0x08001cc9   Thumb Code    88  system_stm32l0xx.o(i.SystemInit)
    TIM2_IRQHandler                          0x08001d31   Thumb Code    10  stm32l0xx_it.o(i.TIM2_IRQHandler)
    __ARM_clz                                0x08001f47   Thumb Code    46  depilogue.o(i.__ARM_clz)
    __scatterload_copy                       0x08001f75   Thumb Code    14  handlers.o(i.__scatterload_copy)
    __scatterload_null                       0x08001f83   Thumb Code     2  handlers.o(i.__scatterload_null)
    __scatterload_zeroinit                   0x08001f85   Thumb Code    14  handlers.o(i.__scatterload_zeroinit)
    main                                     0x08001f95   Thumb Code    38  main.o(i.main)
    round                                    0x08001fc1   Thumb Code   142  round.o(i.round)
    user_dacSend                             0x0800205d   Thumb Code   150  user_dac.o(i.user_dacSend)
    user_dacSetVol                           0x08002101   Thumb Code   140  user_dac.o(i.user_dacSetVol)
    user_dacTest                             0x080021a5   Thumb Code    20  user_dac.o(i.user_dacTest)
    user_delay                               0x080021b9   Thumb Code    14  user_dac.o(i.user_delay)
    AHBPrescTable                            0x080021c6   Data          16  system_stm32l0xx.o(.constdata)
    APBPrescTable                            0x080021d6   Data           8  system_stm32l0xx.o(.constdata)
    PLLMulTable                              0x080021de   Data           9  system_stm32l0xx.o(.constdata)
    Region$$Table$$Base                      0x080021e8   Number         0  anon$$obj.o(Region$$Table)
    Region$$Table$$Limit                     0x08002208   Number         0  anon$$obj.o(Region$$Table)
    volSet_mV                                0x20000000   Data           8  user_dac.o(.data)
    volOffset_mV                             0x20000008   Data           8  user_dac.o(.data)
    cmdDac                                   0x20000010   Data           2  user_dac.o(.data)
    volDac                                   0x20000012   Data           4  user_dac.o(.data)
    flag_power                               0x20000016   Data           1  user_dac.o(.data)
    uwTick                                   0x20000020   Data           4  stm32l0xx_hal.o(.data)
    uwTickPrio                               0x20000024   Data           4  stm32l0xx_hal.o(.data)
    uwTickFreq                               0x20000028   Data           1  stm32l0xx_hal.o(.data)
    SystemCoreClock                          0x2000002c   Data           4  system_stm32l0xx.o(.data)
    htim2                                    0x20000030   Data          60  main.o(.bss)
    __initial_sp                             0x20000470   Data           0  startup_stm32l051xx.o(STACK)



==============================================================================

Memory Map of the image

  Image Entry point : 0x080000c1

  Load Region LR_IROM1 (Base: 0x08000000, Size: 0x00002238, Max: 0x00010000, ABSOLUTE)

    Execution Region ER_IROM1 (Base: 0x08000000, Size: 0x00002208, Max: 0x00010000, ABSOLUTE)

    Base Addr    Size         Type   Attr      Idx    E Section Name        Object

    0x08000000   0x000000c0   Data   RO            3    RESET               startup_stm32l051xx.o
    0x080000c0   0x00000000   Code   RO         2655  * .ARM.Collect$$$$00000000  mc_p.l(entry.o)
    0x080000c0   0x00000004   Code   RO         2676    .ARM.Collect$$$$00000001  mc_p.l(entry2.o)
    0x080000c4   0x00000004   Code   RO         2679    .ARM.Collect$$$$00000004  mc_p.l(entry5.o)
    0x080000c8   0x00000000   Code   RO         2681    .ARM.Collect$$$$00000008  mc_p.l(entry7b.o)
    0x080000c8   0x00000000   Code   RO         2683    .ARM.Collect$$$$0000000A  mc_p.l(entry8b.o)
    0x080000c8   0x00000008   Code   RO         2684    .ARM.Collect$$$$0000000B  mc_p.l(entry9a.o)
    0x080000d0   0x00000000   Code   RO         2686    .ARM.Collect$$$$0000000D  mc_p.l(entry10a.o)
    0x080000d0   0x00000000   Code   RO         2688    .ARM.Collect$$$$0000000F  mc_p.l(entry11a.o)
    0x080000d0   0x00000004   Code   RO         2677    .ARM.Collect$$$$00002712  mc_p.l(entry2.o)
    0x080000d4   0x0000001c   Code   RO            4    .text               startup_stm32l051xx.o
    0x080000f0   0x0000002c   Code   RO         2658    .text               mc_p.l(uidiv.o)
    0x0800011c   0x00000024   Code   RO         2660    .text               mc_p.l(memseta.o)
    0x08000140   0x000000b2   Code   RO         2662    .text               mf_p.l(fadd.o)
    0x080001f2   0x0000007a   Code   RO         2664    .text               mf_p.l(fmul.o)
    0x0800026c   0x0000007c   Code   RO         2666    .text               mf_p.l(fdiv.o)
    0x080002e8   0x0000003c   Code   RO         2668    .text               mf_p.l(dfixui.o)
    0x08000324   0x00000028   Code   RO         2670    .text               mf_p.l(f2d.o)
    0x0800034c   0x00000014   Code   RO         2672    .text               mf_p.l(cfcmple.o)
    0x08000360   0x00000014   Code   RO         2674    .text               mf_p.l(cfrcmple.o)
    0x08000374   0x00000022   Code   RO         2690    .text               mc_p.l(llushr.o)
    0x08000396   0x00000000   Code   RO         2692    .text               mc_p.l(iusefp.o)
    0x08000396   0x00000082   Code   RO         2693    .text               mf_p.l(fepilogue.o)
    0x08000418   0x00000164   Code   RO         2695    .text               mf_p.l(dadd.o)
    0x0800057c   0x0000007c   Code   RO         2697    .text               mf_p.l(drnd.o)
    0x080005f8   0x00000028   Code   RO         2699    .text               mf_p.l(cdcmple.o)
    0x08000620   0x00000028   Code   RO         2701    .text               mf_p.l(cdrcmple.o)
    0x08000648   0x00000024   Code   RO         2703    .text               mc_p.l(init.o)
    0x0800066c   0x00000020   Code   RO         2705    .text               mc_p.l(llshl.o)
    0x0800068c   0x00000026   Code   RO         2707    .text               mc_p.l(llsshr.o)
    0x080006b2   0x000000be   Code   RO         2709    .text               mf_p.l(depilogue.o)
    0x08000770   0x00000002   Code   RO          175    i.Error_Handler     main.o
    0x08000772   0x00000002   PAD
    0x08000774   0x0000002c   Code   RO         1025    i.HAL_Delay         stm32l0xx_hal.o
    0x080007a0   0x000001ec   Code   RO         2188    i.HAL_GPIO_Init     stm32l0xx_hal_gpio.o
    0x0800098c   0x00000012   Code   RO         2190    i.HAL_GPIO_ReadPin  stm32l0xx_hal_gpio.o
    0x0800099e   0x00000014   Code   RO         2191    i.HAL_GPIO_TogglePin  stm32l0xx_hal_gpio.o
    0x080009b2   0x0000000c   Code   RO         2192    i.HAL_GPIO_WritePin  stm32l0xx_hal_gpio.o
    0x080009be   0x00000002   PAD
    0x080009c0   0x0000000c   Code   RO         1029    i.HAL_GetTick       stm32l0xx_hal.o
    0x080009cc   0x00000018   Code   RO         1035    i.HAL_IncTick       stm32l0xx_hal.o
    0x080009e4   0x0000002c   Code   RO         1036    i.HAL_Init          stm32l0xx_hal.o
    0x08000a10   0x00000054   Code   RO         1037    i.HAL_InitTick      stm32l0xx_hal.o
    0x08000a64   0x00000020   Code   RO          277    i.HAL_MspInit       stm32l0xx_hal_msp.o
    0x08000a84   0x00000018   Code   RO         2515    i.HAL_NVIC_EnableIRQ  stm32l0xx_hal_cortex.o
    0x08000a9c   0x00000012   Code   RO         2519    i.HAL_NVIC_SetPriority  stm32l0xx_hal_cortex.o
    0x08000aae   0x00000002   PAD
    0x08000ab0   0x00000208   Code   RO         1731    i.HAL_RCC_ClockConfig  stm32l0xx_hal_rcc.o
    0x08000cb8   0x000000d0   Code   RO         1739    i.HAL_RCC_GetSysClockFreq  stm32l0xx_hal_rcc.o
    0x08000d88   0x00000624   Code   RO         1742    i.HAL_RCC_OscConfig  stm32l0xx_hal_rcc.o
    0x080013ac   0x00000038   Code   RO         2523    i.HAL_SYSTICK_Config  stm32l0xx_hal_cortex.o
    0x080013e4   0x0000005c   Code   RO          990    i.HAL_TIMEx_MasterConfigSynchronization  stm32l0xx_hal_tim_ex.o
    0x08001440   0x00000038   Code   RO          311    i.HAL_TIM_Base_Init  stm32l0xx_hal_tim.o
    0x08001478   0x00000030   Code   RO          279    i.HAL_TIM_Base_MspInit  stm32l0xx_hal_msp.o
    0x080014a8   0x0000002a   Code   RO          316    i.HAL_TIM_Base_Start_IT  stm32l0xx_hal_tim.o
    0x080014d2   0x00000110   Code   RO          320    i.HAL_TIM_ConfigClockSource  stm32l0xx_hal_tim.o
    0x080015e2   0x00000002   Code   RO          340    i.HAL_TIM_IC_CaptureCallback  stm32l0xx_hal_tim.o
    0x080015e4   0x0000017c   Code   RO          354    i.HAL_TIM_IRQHandler  stm32l0xx_hal_tim.o
    0x08001760   0x00000002   Code   RO          357    i.HAL_TIM_OC_DelayElapsedCallback  stm32l0xx_hal_tim.o
    0x08001762   0x00000112   Code   RO          378    i.HAL_TIM_PWM_ConfigChannel  stm32l0xx_hal_tim.o
    0x08001874   0x00000038   Code   RO          381    i.HAL_TIM_PWM_Init  stm32l0xx_hal_tim.o
    0x080018ac   0x00000002   Code   RO          383    i.HAL_TIM_PWM_MspInit  stm32l0xx_hal_tim.o
    0x080018ae   0x00000002   Code   RO          384    i.HAL_TIM_PWM_PulseFinishedCallback  stm32l0xx_hal_tim.o
    0x080018b0   0x0000012c   Code   RO           12    i.HAL_TIM_PeriodElapsedCallback  user_dac.o
    0x080019dc   0x00000002   Code   RO          397    i.HAL_TIM_TriggerCallback  stm32l0xx_hal_tim.o
    0x080019de   0x00000004   Code   RO          223    i.HardFault_Handler  stm32l0xx_it.o
    0x080019e2   0x00000002   PAD
    0x080019e4   0x00000138   Code   RO          176    i.MX_GPIO_Init      main.o
    0x08001b1c   0x000000a8   Code   RO          177    i.MX_TIM2_Init      main.o
    0x08001bc4   0x00000002   Code   RO          224    i.NMI_Handler       stm32l0xx_it.o
    0x08001bc6   0x00000002   PAD
    0x08001bc8   0x00000078   Code   RO         2525    i.NVIC_SetPriority  stm32l0xx_hal_cortex.o
    0x08001c40   0x00000002   Code   RO          225    i.PendSV_Handler    stm32l0xx_it.o
    0x08001c42   0x00000002   Code   RO          226    i.SVC_Handler       stm32l0xx_it.o
    0x08001c44   0x00000008   Code   RO          227    i.SysTick_Handler   stm32l0xx_it.o
    0x08001c4c   0x0000007c   Code   RO          178    i.SystemClock_Config  main.o
    0x08001cc8   0x00000068   Code   RO         2623    i.SystemInit        system_stm32l0xx.o
    0x08001d30   0x00000010   Code   RO          228    i.TIM2_IRQHandler   stm32l0xx_it.o
    0x08001d40   0x0000006c   Code   RO          399    i.TIM_Base_SetConfig  stm32l0xx_hal_tim.o
    0x08001dac   0x0000001c   Code   RO          410    i.TIM_ETR_SetConfig  stm32l0xx_hal_tim.o
    0x08001dc8   0x00000018   Code   RO          411    i.TIM_ITRx_SetConfig  stm32l0xx_hal_tim.o
    0x08001de0   0x00000038   Code   RO          412    i.TIM_OC1_SetConfig  stm32l0xx_hal_tim.o
    0x08001e18   0x00000044   Code   RO          413    i.TIM_OC2_SetConfig  stm32l0xx_hal_tim.o
    0x08001e5c   0x0000003e   Code   RO          414    i.TIM_OC3_SetConfig  stm32l0xx_hal_tim.o
    0x08001e9a   0x00000048   Code   RO          415    i.TIM_OC4_SetConfig  stm32l0xx_hal_tim.o
    0x08001ee2   0x00000032   Code   RO          417    i.TIM_TI1_ConfigInputStage  stm32l0xx_hal_tim.o
    0x08001f14   0x00000032   Code   RO          419    i.TIM_TI2_ConfigInputStage  stm32l0xx_hal_tim.o
    0x08001f46   0x0000002e   Code   RO         2711    i.__ARM_clz         mf_p.l(depilogue.o)
    0x08001f74   0x0000000e   Code   RO         2715    i.__scatterload_copy  mc_p.l(handlers.o)
    0x08001f82   0x00000002   Code   RO         2716    i.__scatterload_null  mc_p.l(handlers.o)
    0x08001f84   0x0000000e   Code   RO         2717    i.__scatterload_zeroinit  mc_p.l(handlers.o)
    0x08001f92   0x00000002   PAD
    0x08001f94   0x0000002c   Code   RO          179    i.main              main.o
    0x08001fc0   0x0000009c   Code   RO         2653    i.round             m_ps.l(round.o)
    0x0800205c   0x000000a4   Code   RO           15    i.user_dacSend      user_dac.o
    0x08002100   0x000000a4   Code   RO           16    i.user_dacSetVol    user_dac.o
    0x080021a4   0x00000014   Code   RO           17    i.user_dacTest      user_dac.o
    0x080021b8   0x0000000e   Code   RO           18    i.user_delay        user_dac.o
    0x080021c6   0x00000021   Data   RO         2624    .constdata          system_stm32l0xx.o
    0x080021e7   0x00000001   PAD
    0x080021e8   0x00000020   Data   RO         2713    Region$$Table       anon$$obj.o


    Execution Region RW_IRAM1 (Base: 0x20000000, Size: 0x00000470, Max: 0x00002000, ABSOLUTE)

    Base Addr    Size         Type   Attr      Idx    E Section Name        Object

    0x20000000   0x0000001f   Data   RW           19    .data               user_dac.o
    0x2000001f   0x00000001   PAD
    0x20000020   0x00000009   Data   RW         1047    .data               stm32l0xx_hal.o
    0x20000029   0x00000003   PAD
    0x2000002c   0x00000004   Data   RW         2625    .data               system_stm32l0xx.o
    0x20000030   0x0000003c   Zero   RW          180    .bss                main.o
    0x2000006c   0x00000004   PAD
    0x20000070   0x00000400   Zero   RW            1    STACK               startup_stm32l051xx.o


==============================================================================

Image component sizes


      Code (inc. data)   RO Data    RW Data    ZI Data      Debug   Object Name

       650         32          0          0         60       3408   main.o
        28          8        192          0       1024        644   startup_stm32l051xx.o
       208         40          0          9          0       8745   stm32l0xx_hal.o
       218         26          0          0          0      10741   stm32l0xx_hal_cortex.o
       542         30          0          0          0       3556   stm32l0xx_hal_gpio.o
        80         10          0          0          0       1317   stm32l0xx_hal_msp.o
      2300         74          0          0          0       4436   stm32l0xx_hal_rcc.o
      1608         10          0          0          0      13559   stm32l0xx_hal_tim.o
        92          0          0          0          0       1244   stm32l0xx_hal_tim_ex.o
        34          6          0          0          0       2677   stm32l0xx_it.o
       104         16         33          4          0       1267   system_stm32l0xx.o
       662         68          0         31          0     277798   user_dac.o

    ----------------------------------------------------------------------
      6536        320        258         48       1088     329392   Object Totals
         0          0         32          0          0          0   (incl. Generated)
        10          0          1          4          4          0   (incl. Padding)

    ----------------------------------------------------------------------

      Code (inc. data)   RO Data    RW Data    ZI Data      Debug   Library Member Name

       156         14          0          0          0         84   round.o
         0          0          0          0          0          0   entry.o
         0          0          0          0          0          0   entry10a.o
         0          0          0          0          0          0   entry11a.o
         8          4          0          0          0          0   entry2.o
         4          0          0          0          0          0   entry5.o
         0          0          0          0          0          0   entry7b.o
         0          0          0          0          0          0   entry8b.o
         8          4          0          0          0          0   entry9a.o
        30          0          0          0          0          0   handlers.o
        36          8          0          0          0         68   init.o
         0          0          0          0          0          0   iusefp.o
        32          0          0          0          0         68   llshl.o
        38          0          0          0          0         68   llsshr.o
        34          0          0          0          0         68   llushr.o
        36          0          0          0          0        100   memseta.o
        44          0          0          0          0         72   uidiv.o
        40          2          0          0          0         68   cdcmple.o
        40          2          0          0          0         68   cdrcmple.o
        20          0          0          0          0         68   cfcmple.o
        20          0          0          0          0         68   cfrcmple.o
       356          4          0          0          0        140   dadd.o
       236          0          0          0          0        216   depilogue.o
        60         10          0          0          0         68   dfixui.o
       124         10          0          0          0         76   drnd.o
        40          0          0          0          0         60   f2d.o
       178          0          0          0          0        108   fadd.o
       124          0          0          0          0         72   fdiv.o
       130          0          0          0          0        144   fepilogue.o
       122          0          0          0          0         72   fmul.o

    ----------------------------------------------------------------------
      1918         58          0          0          0       1756   Library Totals
         2          0          0          0          0          0   (incl. Padding)

    ----------------------------------------------------------------------

      Code (inc. data)   RO Data    RW Data    ZI Data      Debug   Library Name

       156         14          0          0          0         84   m_ps.l
       270         16          0          0          0        444   mc_p.l
      1490         28          0          0          0       1228   mf_p.l

    ----------------------------------------------------------------------
      1918         58          0          0          0       1756   Library Totals

    ----------------------------------------------------------------------

==============================================================================


      Code (inc. data)   RO Data    RW Data    ZI Data      Debug   

      8454        378        258         48       1088     328100   Grand Totals
      8454        378        258         48       1088     328100   ELF Image Totals
      8454        378        258         48          0          0   ROM Totals

==============================================================================

    Total RO  Size (Code + RO Data)                 8712 (   8.51kB)
    Total RW  Size (RW Data + ZI Data)              1136 (   1.11kB)
    Total ROM Size (Code + RO Data + RW Data)       8760 (   8.55kB)

==============================================================================

